Component: ARM Compiler 5.05 update 1 (build 106) Tool: armlink [4d0efa]

==============================================================================

Section Cross References

    delay.o(i.delay_init) refers to misc.o(i.SysTick_CLKSourceConfig) for SysTick_CLKSourceConfig
    delay.o(i.delay_init) refers to system_stm32f10x.o(.data) for SystemCoreClock
    delay.o(i.delay_init) refers to delay.o(.data) for fac_us
    delay.o(i.delay_ms) refers to delay.o(.data) for fac_ms
    delay.o(i.delay_us) refers to delay.o(.data) for fac_us
    main.o(i.front_detection) refers to servo.o(i.SetJointAngle) for SetJointAngle
    main.o(i.front_detection) refers to delay.o(i.delay_ms) for delay_ms
    main.o(i.front_detection) refers to ultrasonicwave.o(i.UltrasonicWave_StartMeasure) for UltrasonicWave_StartMeasure
    main.o(i.left_detection) refers to servo.o(i.SetJointAngle) for SetJointAngle
    main.o(i.left_detection) refers to delay.o(i.delay_ms) for delay_ms
    main.o(i.left_detection) refers to ultrasonicwave.o(i.UltrasonicWave_StartMeasure) for UltrasonicWave_StartMeasure
    main.o(i.main) refers to delay.o(i.delay_init) for delay_init
    main.o(i.main) refers to keysacn.o(i.KEY_Init) for KEY_Init
    main.o(i.main) refers to irsearch.o(i.IRSearchInit) for IRSearchInit
    main.o(i.main) refers to iravoid.o(i.IRAvoidInit) for IRAvoidInit
    main.o(i.main) refers to timer.o(i.Timerx_Init) for Timerx_Init
    main.o(i.main) refers to ultrasonicwave.o(i.UltrasonicWave_Configuration) for UltrasonicWave_Configuration
    main.o(i.main) refers to usart.o(i.uart_init) for uart_init
    main.o(i.main) refers to motor.o(i.Car_Motor_Init) for Car_Motor_Init
    main.o(i.main) refers to servo.o(i.TIM5_PWM_Init) for TIM5_PWM_Init
    main.o(i.main) refers to motor.o(i.Car_brake) for Car_brake
    main.o(i.main) refers to keysacn.o(i.keysacn) for keysacn
    main.o(i.main) refers to main.o(i.front_detection) for front_detection
    main.o(i.main) refers to motor.o(i.Car_back) for Car_back
    main.o(i.main) refers to main.o(i.left_detection) for left_detection
    main.o(i.main) refers to delay.o(i.delay_ms) for delay_ms
    main.o(i.main) refers to main.o(i.right_detection) for right_detection
    main.o(i.main) refers to motor.o(i.Car_leftSpin) for Car_leftSpin
    main.o(i.main) refers to motor.o(i.Car_left) for Car_left
    main.o(i.main) refers to motor.o(i.Car_right) for Car_right
    main.o(i.main) refers to motor.o(i.Car_forward) for Car_forward
    main.o(i.right_detection) refers to servo.o(i.SetJointAngle) for SetJointAngle
    main.o(i.right_detection) refers to delay.o(i.delay_ms) for delay_ms
    main.o(i.right_detection) refers to ultrasonicwave.o(i.UltrasonicWave_StartMeasure) for UltrasonicWave_StartMeasure
    iravoid.o(i.AVoidRun) refers to stm32f10x_gpio.o(i.GPIO_ReadInputDataBit) for GPIO_ReadInputDataBit
    iravoid.o(i.AVoidRun) refers to motor.o(i.Car_forward) for Car_forward
    iravoid.o(i.AVoidRun) refers to stm32f10x_gpio.o(i.GPIO_ResetBits) for GPIO_ResetBits
    iravoid.o(i.AVoidRun) refers to stm32f10x_gpio.o(i.GPIO_SetBits) for GPIO_SetBits
    iravoid.o(i.AVoidRun) refers to motor.o(i.Car_brake) for Car_brake
    iravoid.o(i.AVoidRun) refers to motor.o(i.Car_back) for Car_back
    iravoid.o(i.AVoidRun) refers to motor.o(i.Car_left) for Car_left
    iravoid.o(i.IRAvoidInit) refers to stm32f10x_rcc.o(i.RCC_APB2PeriphClockCmd) for RCC_APB2PeriphClockCmd
    iravoid.o(i.IRAvoidInit) refers to stm32f10x_gpio.o(i.GPIO_Init) for GPIO_Init
    irsearch.o(i.IRSearchInit) refers to stm32f10x_rcc.o(i.RCC_APB2PeriphClockCmd) for RCC_APB2PeriphClockCmd
    irsearch.o(i.IRSearchInit) refers to stm32f10x_gpio.o(i.GPIO_Init) for GPIO_Init
    irsearch.o(i.SearchRun) refers to stm32f10x_gpio.o(i.GPIO_ReadInputDataBit) for GPIO_ReadInputDataBit
    irsearch.o(i.SearchRun) refers to motor.o(i.Car_forward) for Car_forward
    irsearch.o(i.SearchRun) refers to motor.o(i.Car_back) for Car_back
    irsearch.o(i.SearchRun) refers to motor.o(i.Car_left) for Car_left
    irsearch.o(i.SearchRun) refers to motor.o(i.Car_right) for Car_right
    irsearch.o(i.SearchRun) refers to motor.o(i.Car_brake) for Car_brake
    irsearch.o(i.SearchRun) refers to irsearch.o(.data) for ctrl_comm
    motor.o(i.Car_Motor_Init) refers to stm32f10x_rcc.o(i.RCC_APB1PeriphClockCmd) for RCC_APB1PeriphClockCmd
    motor.o(i.Car_Motor_Init) refers to stm32f10x_rcc.o(i.RCC_APB2PeriphClockCmd) for RCC_APB2PeriphClockCmd
    motor.o(i.Car_Motor_Init) refers to stm32f10x_gpio.o(i.GPIO_Init) for GPIO_Init
    motor.o(i.Car_Motor_Init) refers to stm32f10x_tim.o(i.TIM_TimeBaseInit) for TIM_TimeBaseInit
    motor.o(i.Car_Motor_Init) refers to stm32f10x_tim.o(i.TIM_OC3Init) for TIM_OC3Init
    motor.o(i.Car_Motor_Init) refers to stm32f10x_tim.o(i.TIM_OC4Init) for TIM_OC4Init
    motor.o(i.Car_Motor_Init) refers to stm32f10x_tim.o(i.TIM_CtrlPWMOutputs) for TIM_CtrlPWMOutputs
[...]
    Removing stm32f10x_rcc.o(i.RCC_GetFlagStatus), (60 bytes).
    Removing stm32f10x_rcc.o(i.RCC_GetITStatus), (24 bytes).
    Removing stm32f10x_rcc.o(i.RCC_GetSYSCLKSource), (16 bytes).
    Removing stm32f10x_rcc.o(i.RCC_HCLKConfig), (24 bytes).
    Removing stm32f10x_rcc.o(i.RCC_HSEConfig), (76 bytes).
    Removing stm32f10x_rcc.o(i.RCC_HSICmd), (12 bytes).
    Removing stm32f10x_rcc.o(i.RCC_ITConfig), (32 bytes).
    Removing stm32f10x_rcc.o(i.RCC_LSEConfig), (52 bytes).
    Removing stm32f10x_rcc.o(i.RCC_LSICmd), (12 bytes).
    Removing stm32f10x_rcc.o(i.RCC_MCOConfig), (12 bytes).
    Removing stm32f10x_rcc.o(i.RCC_PCLK1Config), (24 bytes).
    Removing stm32f10x_rcc.o(i.RCC_PCLK2Config), (24 bytes).
    Removing stm32f10x_rcc.o(i.RCC_PLLCmd), (12 bytes).
    Removing stm32f10x_rcc.o(i.RCC_PLLConfig), (28 bytes).
    Removing stm32f10x_rcc.o(i.RCC_RTCCLKCmd), (12 bytes).
    Removing stm32f10x_rcc.o(i.RCC_RTCCLKConfig), (16 bytes).
    Removing stm32f10x_rcc.o(i.RCC_SYSCLKConfig), (24 bytes).
    Removing stm32f10x_rcc.o(i.RCC_USBCLKConfig), (12 bytes).
    Removing stm32f10x_rcc.o(i.RCC_WaitForHSEStartUp), (56 bytes).
    Removing stm32f10x_rtc.o(i.RTC_ClearFlag), (16 bytes).
    Removing stm32f10x_rtc.o(i.RTC_ClearITPendingBit), (16 bytes).
    Removing stm32f10x_rtc.o(i.RTC_EnterConfigMode), (20 bytes).
    Removing stm32f10x_rtc.o(i.RTC_ExitConfigMode), (20 bytes).
    Removing stm32f10x_rtc.o(i.RTC_GetCounter), (20 bytes).
    Removing stm32f10x_rtc.o(i.RTC_GetDivider), (24 bytes).
    Removing stm32f10x_rtc.o(i.RTC_GetFlagStatus), (24 bytes).
    Removing stm32f10x_rtc.o(i.RTC_GetITStatus), (36 bytes).
    Removing stm32f10x_rtc.o(i.RTC_ITConfig), (32 bytes).
    Removing stm32f10x_rtc.o(i.RTC_SetAlarm), (28 bytes).
    Removing stm32f10x_rtc.o(i.RTC_SetCounter), (28 bytes).
    Removing stm32f10x_rtc.o(i.RTC_SetPrescaler), (32 bytes).
    Removing stm32f10x_rtc.o(i.RTC_WaitForLastTask), (20 bytes).
    Removing stm32f10x_rtc.o(i.RTC_WaitForSynchro), (36 bytes).
    Removing stm32f10x_sdio.o(i.SDIO_CEATAITCmd), (16 bytes).
    Removing stm32f10x_sdio.o(i.SDIO_ClearFlag), (12 bytes).
    Removing stm32f10x_sdio.o(i.SDIO_ClearITPendingBit), (12 bytes).
    Removing stm32f10x_sdio.o(i.SDIO_ClockCmd), (12 bytes).
    Removing stm32f10x_sdio.o(i.SDIO_CmdStructInit), (14 bytes).
    Removing stm32f10x_sdio.o(i.SDIO_CommandCompletionCmd), (12 bytes).
    Removing stm32f10x_sdio.o(i.SDIO_DMACmd), (12 bytes).
    Removing stm32f10x_sdio.o(i.SDIO_DataConfig), (48 bytes).
    Removing stm32f10x_sdio.o(i.SDIO_DataStructInit), (20 bytes).
    Removing stm32f10x_sdio.o(i.SDIO_DeInit), (36 bytes).
    Removing stm32f10x_sdio.o(i.SDIO_GetCommandResponse), (12 bytes).
    Removing stm32f10x_sdio.o(i.SDIO_GetDataCounter), (12 bytes).
    Removing stm32f10x_sdio.o(i.SDIO_GetFIFOCount), (12 bytes).
    Removing stm32f10x_sdio.o(i.SDIO_GetFlagStatus), (24 bytes).
    Removing stm32f10x_sdio.o(i.SDIO_GetITStatus), (24 bytes).
    Removing stm32f10x_sdio.o(i.SDIO_GetPowerState), (16 bytes).
    Removing stm32f10x_sdio.o(i.SDIO_GetResponse), (24 bytes).
    Removing stm32f10x_sdio.o(i.SDIO_ITConfig), (32 bytes).
    Removing stm32f10x_sdio.o(i.SDIO_Init), (48 bytes).
    Removing stm32f10x_sdio.o(i.SDIO_ReadData), (12 bytes).
    Removing stm32f10x_sdio.o(i.SDIO_SendCEATACmd), (12 bytes).
    Removing stm32f10x_sdio.o(i.SDIO_SendCommand), (44 bytes).
    Removing stm32f10x_sdio.o(i.SDIO_SendSDIOSuspendCmd), (12 bytes).
    Removing stm32f10x_sdio.o(i.SDIO_SetPowerState), (28 bytes).
    Removing stm32f10x_sdio.o(i.SDIO_SetSDIOOperation), (12 bytes).
    Removing stm32f10x_sdio.o(i.SDIO_SetSDIOReadWaitMode), (12 bytes).
    Removing stm32f10x_sdio.o(i.SDIO_StartSDIOReadWait), (12 bytes).
    Removing stm32f10x_sdio.o(i.SDIO_StopSDIOReadWait), (12 bytes).
    Removing stm32f10x_sdio.o(i.SDIO_StructInit), (16 bytes).
    Removing stm32f10x_sdio.o(i.SDIO_WriteData), (12 bytes).
    Removing stm32f10x_spi.o(i.I2S_Cmd), (24 bytes).
    Removing stm32f10x_spi.o(i.I2S_Init), (232 bytes).
    Removing stm32f10x_spi.o(i.I2S_StructInit), (20 bytes).
    Removing stm32f10x_spi.o(i.SPI_BiDirectionalLineConfig), (28 bytes).
    Removing stm32f10x_spi.o(i.SPI_CalculateCRC), (24 bytes).
    Removing stm32f10x_spi.o(i.SPI_Cmd), (24 bytes).
    Removing stm32f10x_spi.o(i.SPI_DataSizeConfig), (18 bytes).
    Removing stm32f10x_spi.o(i.SPI_GetCRC), (16 bytes).
    Removing stm32f10x_spi.o(i.SPI_GetCRCPolynomial), (6 bytes).
    Removing stm32f10x_spi.o(i.SPI_I2S_ClearFlag), (6 bytes).
    Removing stm32f10x_spi.o(i.SPI_I2S_ClearITPendingBit), (20 bytes).
    Removing stm32f10x_spi.o(i.SPI_I2S_DMACmd), (18 bytes).
    Removing stm32f10x_spi.o(i.SPI_I2S_DeInit), (88 bytes).
    Removing stm32f10x_spi.o(i.SPI_I2S_GetFlagStatus), (18 bytes).
    Removing stm32f10x_spi.o(i.SPI_I2S_GetITStatus), (52 bytes).
    Removing stm32f10x_spi.o(i.SPI_I2S_ITConfig), (32 bytes).
    Removing stm32f10x_spi.o(i.SPI_I2S_ReceiveData), (6 bytes).
    Removing stm32f10x_spi.o(i.SPI_I2S_SendData), (4 bytes).
    Removing stm32f10x_spi.o(i.SPI_Init), (60 bytes).
    Removing stm32f10x_spi.o(i.SPI_NSSInternalSoftwareConfig), (30 bytes).
    Removing stm32f10x_spi.o(i.SPI_SSOutputCmd), (24 bytes).
    Removing stm32f10x_spi.o(i.SPI_StructInit), (24 bytes).
    Removing stm32f10x_spi.o(i.SPI_TransmitCRC), (10 bytes).
    Removing stm32f10x_tim.o(i.TI1_Config), (128 bytes).
    Removing stm32f10x_tim.o(i.TI2_Config), (152 bytes).
    Removing stm32f10x_tim.o(i.TI3_Config), (144 bytes).
    Removing stm32f10x_tim.o(i.TI4_Config), (152 bytes).
    Removing stm32f10x_tim.o(i.TIM_BDTRConfig), (32 bytes).
    Removing stm32f10x_tim.o(i.TIM_BDTRStructInit), (18 bytes).
    Removing stm32f10x_tim.o(i.TIM_CCPreloadControl), (24 bytes).
    Removing stm32f10x_tim.o(i.TIM_CCxCmd), (30 bytes).
    Removing stm32f10x_tim.o(i.TIM_CCxNCmd), (30 bytes).
    Removing stm32f10x_tim.o(i.TIM_ClearFlag), (6 bytes).
    Removing stm32f10x_tim.o(i.TIM_ClearOC1Ref), (18 bytes).
    Removing stm32f10x_tim.o(i.TIM_ClearOC2Ref), (24 bytes).
    Removing stm32f10x_tim.o(i.TIM_ClearOC3Ref), (18 bytes).
    Removing stm32f10x_tim.o(i.TIM_ClearOC4Ref), (24 bytes).
    Removing stm32f10x_tim.o(i.TIM_CounterModeConfig), (18 bytes).
    Removing stm32f10x_tim.o(i.TIM_DMACmd), (18 bytes).
    Removing stm32f10x_tim.o(i.TIM_DMAConfig), (10 bytes).
    Removing stm32f10x_tim.o(i.TIM_DeInit), (488 bytes).
    Removing stm32f10x_tim.o(i.TIM_ETRClockMode1Config), (54 bytes).
    Removing stm32f10x_tim.o(i.TIM_ETRClockMode2Config), (32 bytes).
    Removing stm32f10x_tim.o(i.TIM_ETRConfig), (28 bytes).
    Removing stm32f10x_tim.o(i.TIM_EncoderInterfaceConfig), (66 bytes).
    Removing stm32f10x_tim.o(i.TIM_ForcedOC1Config), (18 bytes).
    Removing stm32f10x_tim.o(i.TIM_ForcedOC2Config), (26 bytes).
    Removing stm32f10x_tim.o(i.TIM_ForcedOC3Config), (18 bytes).
    Removing stm32f10x_tim.o(i.TIM_ForcedOC4Config), (26 bytes).
    Removing stm32f10x_tim.o(i.TIM_GenerateEvent), (4 bytes).
    Removing stm32f10x_tim.o(i.TIM_GetCapture1), (6 bytes).
    Removing stm32f10x_tim.o(i.TIM_GetCapture2), (6 bytes).
    Removing stm32f10x_tim.o(i.TIM_GetCapture3), (6 bytes).
    Removing stm32f10x_tim.o(i.TIM_GetCapture4), (8 bytes).
    Removing stm32f10x_tim.o(i.TIM_GetFlagStatus), (18 bytes).
    Removing stm32f10x_tim.o(i.TIM_GetPrescaler), (6 bytes).
    Removing stm32f10x_tim.o(i.TIM_ICInit), (172 bytes).
    Removing stm32f10x_tim.o(i.TIM_ICStructInit), (18 bytes).
    Removing stm32f10x_tim.o(i.TIM_ITRxExternalClockConfig), (24 bytes).
    Removing stm32f10x_tim.o(i.TIM_InternalClockConfig), (12 bytes).
    Removing stm32f10x_tim.o(i.TIM_OC1FastConfig), (18 bytes).
    Removing stm32f10x_tim.o(i.TIM_OC1NPolarityConfig), (18 bytes).
    Removing stm32f10x_tim.o(i.TIM_OC1PolarityConfig), (18 bytes).
    Removing stm32f10x_tim.o(i.TIM_OC2FastConfig), (26 bytes).
    Removing stm32f10x_tim.o(i.TIM_OC2NPolarityConfig), (26 bytes).
    Removing stm32f10x_tim.o(i.TIM_OC2PolarityConfig), (26 bytes).
    Removing stm32f10x_tim.o(i.TIM_OC2PreloadConfig), (26 bytes).
    Removing stm32f10x_tim.o(i.TIM_OC3FastConfig), (18 bytes).
    Removing stm32f10x_tim.o(i.TIM_OC3NPolarityConfig), (26 bytes).
    Removing stm32f10x_tim.o(i.TIM_OC3PolarityConfig), (26 bytes).
    Removing stm32f10x_tim.o(i.TIM_OC4FastConfig), (26 bytes).
    Removing stm32f10x_tim.o(i.TIM_OC4PolarityConfig), (26 bytes).
    Removing stm32f10x_tim.o(i.TIM_OCStructInit), (20 bytes).
    Removing stm32f10x_tim.o(i.TIM_PWMIConfig), (124 bytes).
    Removing stm32f10x_tim.o(i.TIM_PrescalerConfig), (6 bytes).
    Removing stm32f10x_tim.o(i.TIM_SelectCCDMA), (24 bytes).
    Removing stm32f10x_tim.o(i.TIM_SelectCOM), (24 bytes).
    Removing stm32f10x_tim.o(i.TIM_SelectHallSensor), (24 bytes).
    Removing stm32f10x_tim.o(i.TIM_SelectInputTrigger), (18 bytes).
    Removing stm32f10x_tim.o(i.TIM_SelectMasterSlaveMode), (18 bytes).
    Removing stm32f10x_tim.o(i.TIM_SelectOCxM), (82 bytes).
    Removing stm32f10x_tim.o(i.TIM_SelectOnePulseMode), (18 bytes).
    Removing stm32f10x_tim.o(i.TIM_SelectOutputTrigger), (18 bytes).
    Removing stm32f10x_tim.o(i.TIM_SelectSlaveMode), (18 bytes).
    Removing stm32f10x_tim.o(i.TIM_SetAutoreload), (4 bytes).
    Removing stm32f10x_tim.o(i.TIM_SetClockDivision), (18 bytes).
    Removing stm32f10x_tim.o(i.TIM_SetCompare2), (4 bytes).
    Removing stm32f10x_tim.o(i.TIM_SetIC1Prescaler), (18 bytes).
    Removing stm32f10x_tim.o(i.TIM_SetIC2Prescaler), (26 bytes).
    Removing stm32f10x_tim.o(i.TIM_SetIC3Prescaler), (18 bytes).
    Removing stm32f10x_tim.o(i.TIM_SetIC4Prescaler), (26 bytes).
    Removing stm32f10x_tim.o(i.TIM_TIxExternalClockConfig), (62 bytes).
    Removing stm32f10x_tim.o(i.TIM_TimeBaseStructInit), (18 bytes).
    Removing stm32f10x_tim.o(i.TIM_UpdateDisableConfig), (24 bytes).
    Removing stm32f10x_tim.o(i.TIM_UpdateRequestConfig), (24 bytes).
    Removing stm32f10x_usart.o(i.USART_ClearFlag), (18 bytes).
    Removing stm32f10x_usart.o(i.USART_ClearITPendingBit), (30 bytes).
    Removing stm32f10x_usart.o(i.USART_ClockInit), (34 bytes).
    Removing stm32f10x_usart.o(i.USART_ClockStructInit), (12 bytes).
    Removing stm32f10x_usart.o(i.USART_DMACmd), (18 bytes).
    Removing stm32f10x_usart.o(i.USART_DeInit), (156 bytes).
    Removing stm32f10x_usart.o(i.USART_GetFlagStatus), (26 bytes).
    Removing stm32f10x_usart.o(i.USART_HalfDuplexCmd), (24 bytes).
    Removing stm32f10x_usart.o(i.USART_IrDACmd), (24 bytes).
    Removing stm32f10x_usart.o(i.USART_IrDAConfig), (18 bytes).
    Removing stm32f10x_usart.o(i.USART_LINBreakDetectLengthConfig), (18 bytes).
    Removing stm32f10x_usart.o(i.USART_LINCmd), (24 bytes).
    Removing stm32f10x_usart.o(i.USART_OneBitMethodCmd), (24 bytes).
    Removing stm32f10x_usart.o(i.USART_OverSampling8Cmd), (22 bytes).
    Removing stm32f10x_usart.o(i.USART_ReceiverWakeUpCmd), (24 bytes).
    Removing stm32f10x_usart.o(i.USART_SendBreak), (10 bytes).
    Removing stm32f10x_usart.o(i.USART_SendData), (8 bytes).
    Removing stm32f10x_usart.o(i.USART_SetAddress), (18 bytes).
    Removing stm32f10x_usart.o(i.USART_SetGuardTime), (16 bytes).
    Removing stm32f10x_usart.o(i.USART_SetPrescaler), (16 bytes).
    Removing stm32f10x_usart.o(i.USART_SmartCardCmd), (24 bytes).
    Removing stm32f10x_usart.o(i.USART_SmartCardNACKCmd), (24 bytes).
    Removing stm32f10x_usart.o(i.USART_StructInit), (24 bytes).
    Removing stm32f10x_usart.o(i.USART_WakeUpConfig), (18 bytes).
    Removing stm32f10x_wwdg.o(i.WWDG_ClearFlag), (12 bytes).
    Removing stm32f10x_wwdg.o(i.WWDG_DeInit), (22 bytes).
    Removing stm32f10x_wwdg.o(i.WWDG_Enable), (16 bytes).
    Removing stm32f10x_wwdg.o(i.WWDG_EnableIT), (12 bytes).
    Removing stm32f10x_wwdg.o(i.WWDG_GetFlagStatus), (12 bytes).
    Removing stm32f10x_wwdg.o(i.WWDG_SetCounter), (16 bytes).
    Removing stm32f10x_wwdg.o(i.WWDG_SetPrescaler), (24 bytes).
    Removing stm32f10x_wwdg.o(i.WWDG_SetWindowValue), (40 bytes).
    Removing core_cm3.o(.emb_text), (32 bytes).
    Removing system_stm32f10x.o(i.SystemCoreClockUpdate), (164 bytes).

447 unused section(s) (total 17394 bytes) removed from the image.

==============================================================================

Image Symbol Table

    Local Symbols

    Symbol Name                              Value     Ov Type        Size  Object(Section)

    ../clib/angel/boardlib.s                 0x00000000   Number         0  boardshut.o ABSOLUTE
    ../clib/angel/boardlib.s                 0x00000000   Number         0  boardinit3.o ABSOLUTE
    ../clib/angel/boardlib.s                 0x00000000   Number         0  boardinit2.o ABSOLUTE
    ../clib/angel/boardlib.s                 0x00000000   Number         0  boardinit1.o ABSOLUTE
    ../clib/angel/handlers.s                 0x00000000   Number         0  __scatter_copy.o ABSOLUTE
    ../clib/angel/handlers.s                 0x00000000   Number         0  __scatter_zi.o ABSOLUTE
    ../clib/angel/kernel.s                   0x00000000   Number         0  __rtentry2.o ABSOLUTE
    ../clib/angel/kernel.s                   0x00000000   Number         0  rtexit.o ABSOLUTE
    ../clib/angel/kernel.s                   0x00000000   Number         0  __rtentry.o ABSOLUTE
    ../clib/angel/kernel.s                   0x00000000   Number         0  __rtentry4.o ABSOLUTE
    ../clib/angel/kernel.s                   0x00000000   Number         0  rtexit2.o ABSOLUTE
    ../clib/angel/rt.s                       0x00000000   Number         0  rt_raise.o ABSOLUTE
    ../clib/angel/scatter.s                  0x00000000   Number         0  __scatter.o ABSOLUTE
    ../clib/angel/startup.s                  0x00000000   Number         0  __main.o ABSOLUTE
    ../clib/angel/sys.s                      0x00000000   Number         0  indicate_semi.o ABSOLUTE
    ../clib/angel/sys.s                      0x00000000   Number         0  use_no_semi_2.o ABSOLUTE
    ../clib/angel/sys.s                      0x00000000   Number         0  libspace.o ABSOLUTE
    ../clib/angel/sys.s                      0x00000000   Number         0  sys_stackheap_outer.o ABSOLUTE
    ../clib/angel/sys.s                      0x00000000   Number         0  use_no_semi.o ABSOLUTE
    ../clib/angel/sysapp.c                   0x00000000   Number         0  sys_command.o ABSOLUTE
    ../clib/angel/sysapp.c                   0x00000000   Number         0  sys_wrch.o ABSOLUTE
    ../clib/armsys.c                         0x00000000   Number         0  _get_argv_nomalloc.o ABSOLUTE
    ../clib/armsys.c                         0x00000000   Number         0  no_argv.o ABSOLUTE
    ../clib/armsys.c                         0x00000000   Number         0  argv_veneer.o ABSOLUTE
    ../clib/armsys.c                         0x00000000   Number         0  argv_veneer.o ABSOLUTE
    ../clib/heapalloc.c                      0x00000000   Number         0  hrguard.o ABSOLUTE
    ../clib/heapaux.c                        0x00000000   Number         0  heapauxi.o ABSOLUTE
    ../clib/libinit.s                        0x00000000   Number         0  libinit.o ABSOLUTE
    ../clib/libinit.s                        0x00000000   Number         0  libshutdown.o ABSOLUTE
    ../clib/libinit.s                        0x00000000   Number         0  libshutdown2.o ABSOLUTE
    ../clib/libinit.s                        0x00000000   Number         0  libinit2.o ABSOLUTE
    ../clib/signal.c                         0x00000000   Number         0  defsig_exit.o ABSOLUTE
    ../clib/signal.c                         0x00000000   Number         0  defsig_rtmem_inner.o ABSOLUTE
    ../clib/signal.c                         0x00000000   Number         0  defsig_general.o ABSOLUTE
    ../clib/signal.c                         0x00000000   Number         0  defsig_fpe_inner.o ABSOLUTE
    ../clib/signal.c                         0x00000000   Number         0  defsig_cppl_inner.o ABSOLUTE
    ../clib/signal.c                         0x00000000   Number         0  defsig_pvfn_inner.o ABSOLUTE
    ../clib/signal.c                         0x00000000   Number         0  defsig_stak_inner.o ABSOLUTE
    ../clib/signal.c                         0x00000000   Number         0  defsig_rtred_inner.o ABSOLUTE
    ../clib/signal.c                         0x00000000   Number         0  defsig_abrt_inner.o ABSOLUTE
    ../clib/signal.c                         0x00000000   Number         0  defsig_segv_inner.o ABSOLUTE
    ../clib/signal.c                         0x00000000   Number         0  defsig_rtmem_formal.o ABSOLUTE
    ../clib/signal.c                         0x00000000   Number         0  defsig_rtmem_outer.o ABSOLUTE
    ../clib/signal.c                         0x00000000   Number         0  defsig_other.o ABSOLUTE
    ../clib/signal.c                         0x00000000   Number         0  __raise.o ABSOLUTE
    ../clib/signal.s                         0x00000000   Number         0  defsig.o ABSOLUTE
    ../clib/stdlib.c                         0x00000000   Number         0  exit.o ABSOLUTE
    ../fplib/d2f.s                           0x00000000   Number         0  d2f.o ABSOLUTE
    ../fplib/daddsub.s                       0x00000000   Number         0  daddsub_clz.o ABSOLUTE
    ../fplib/ddiv.s                          0x00000000   Number         0  ddiv.o ABSOLUTE
    ../fplib/dfix.s                          0x00000000   Number         0  dfix.o ABSOLUTE
    ../fplib/dfixu.s                         0x00000000   Number         0  dfixu.o ABSOLUTE
    ../fplib/dflt.s                          0x00000000   Number         0  dflt_clz.o ABSOLUTE
    ../fplib/dmul.s                          0x00000000   Number         0  dmul.o ABSOLUTE
    ../fplib/dnaninf.s                       0x00000000   Number         0  dnaninf.o ABSOLUTE
    ../fplib/dretinf.s                       0x00000000   Number         0  dretinf.o ABSOLUTE
    ../fplib/f2d.s                           0x00000000   Number         0  f2d.o ABSOLUTE
    ../fplib/ffix.s                          0x00000000   Number         0  ffix.o ABSOLUTE
    ../fplib/ffixu.s                         0x00000000   Number         0  ffixu.o ABSOLUTE
    ../fplib/fflt.s                          0x00000000   Number         0  fflt_clz.o ABSOLUTE
    ../fplib/fmul.s                          0x00000000   Number         0  fmul.o ABSOLUTE
    ../fplib/fnaninf.s                       0x00000000   Number         0  fnaninf.o ABSOLUTE
    ../fplib/fpinit.s                        0x00000000   Number         0  fpinit.o ABSOLUTE
    ../fplib/fretinf.s                       0x00000000   Number         0  fretinf.o ABSOLUTE
    ../fplib/usenofp.s                       0x00000000   Number         0  usenofp.o ABSOLUTE
    CMSIS\\core_cm3.c                        0x00000000   Number         0  core_cm3.o ABSOLUTE
    CMSIS\core_cm3.c                         0x00000000   Number         0  core_cm3.o ABSOLUTE
    CMSIS\startup\startup_stm32f10x_hd.s     0x00000000   Number         0  startup_stm32f10x_hd.o ABSOLUTE
    CMSIS\system_stm32f10x.c                 0x00000000   Number         0  system_stm32f10x.o ABSOLUTE
    FWLIB\src\misc.c                         0x00000000   Number         0  misc.o ABSOLUTE
    FWLIB\src\stm32f10x_adc.c                0x00000000   Number         0  stm32f10x_adc.o ABSOLUTE
    FWLIB\src\stm32f10x_bkp.c                0x00000000   Number         0  stm32f10x_bkp.o ABSOLUTE
    FWLIB\src\stm32f10x_can.c                0x00000000   Number         0  stm32f10x_can.o ABSOLUTE
    FWLIB\src\stm32f10x_cec.c                0x00000000   Number         0  stm32f10x_cec.o ABSOLUTE
    FWLIB\src\stm32f10x_crc.c                0x00000000   Number         0  stm32f10x_crc.o ABSOLUTE
    FWLIB\src\stm32f10x_dac.c                0x00000000   Number         0  stm32f10x_dac.o ABSOLUTE
    FWLIB\src\stm32f10x_dbgmcu.c             0x00000000   Number         0  stm32f10x_dbgmcu.o ABSOLUTE
    FWLIB\src\stm32f10x_dma.c                0x00000000   Number         0  stm32f10x_dma.o ABSOLUTE
    FWLIB\src\stm32f10x_exti.c               0x00000000   Number         0  stm32f10x_exti.o ABSOLUTE
    FWLIB\src\stm32f10x_flash.c              0x00000000   Number         0  stm32f10x_flash.o ABSOLUTE
    FWLIB\src\stm32f10x_fsmc.c               0x00000000   Number         0  stm32f10x_fsmc.o ABSOLUTE
    FWLIB\src\stm32f10x_gpio.c               0x00000000   Number         0  stm32f10x_gpio.o ABSOLUTE
    FWLIB\src\stm32f10x_i2c.c                0x00000000   Number         0  stm32f10x_i2c.o ABSOLUTE
    FWLIB\src\stm32f10x_iwdg.c               0x00000000   Number         0  stm32f10x_iwdg.o ABSOLUTE
    FWLIB\src\stm32f10x_pwr.c                0x00000000   Number         0  stm32f10x_pwr.o ABSOLUTE
    FWLIB\src\stm32f10x_rcc.c                0x00000000   Number         0  stm32f10x_rcc.o ABSOLUTE
    FWLIB\src\stm32f10x_rtc.c                0x00000000   Number         0  stm32f10x_rtc.o ABSOLUTE
    FWLIB\src\stm32f10x_sdio.c               0x00000000   Number         0  stm32f10x_sdio.o ABSOLUTE
    FWLIB\src\stm32f10x_spi.c                0x00000000   Number         0  stm32f10x_spi.o ABSOLUTE
    FWLIB\src\stm32f10x_tim.c                0x00000000   Number         0  stm32f10x_tim.o ABSOLUTE
    FWLIB\src\stm32f10x_usart.c              0x00000000   Number         0  stm32f10x_usart.o ABSOLUTE
    FWLIB\src\stm32f10x_wwdg.c               0x00000000   Number         0  stm32f10x_wwdg.o ABSOLUTE
    HARDWARE\IRAvoid.c                       0x00000000   Number         0  iravoid.o ABSOLUTE
    HARDWARE\IRSEARCH.c                      0x00000000   Number         0  irsearch.o ABSOLUTE
    HARDWARE\Motor.c                         0x00000000   Number         0  motor.o ABSOLUTE
    HARDWARE\Servo.c                         0x00000000   Number         0  servo.o ABSOLUTE
    HARDWARE\UltrasonicWave.c                0x00000000   Number         0  ultrasonicwave.o ABSOLUTE
    HARDWARE\\sys.c                          0x00000000   Number         0  sys.o ABSOLUTE
    HARDWARE\keysacn.c                       0x00000000   Number         0  keysacn.o ABSOLUTE
    HARDWARE\sys.c                           0x00000000   Number         0  sys.o ABSOLUTE
    HARDWARE\timer.c                         0x00000000   Number         0  timer.o ABSOLUTE
    HARDWARE\usart.c                         0x00000000   Number         0  usart.o ABSOLUTE
    USER\delay.c                             0x00000000   Number         0  delay.o ABSOLUTE
    USER\main.c                              0x00000000   Number         0  main.o ABSOLUTE
    USER\stm32f10x_it.c                      0x00000000   Number         0  stm32f10x_it.o ABSOLUTE
    dc.s                                     0x00000000   Number         0  dc.o ABSOLUTE
    RESET                                    0x08000000   Section      304  startup_stm32f10x_hd.o(RESET)
    !!!main                                  0x08000130   Section        8  __main.o(!!!main)
    !!!scatter                               0x08000138   Section       52  __scatter.o(!!!scatter)
    !!handler_copy                           0x0800016c   Section       26  __scatter_copy.o(!!handler_copy)
    !!handler_zi                             0x08000188   Section       28  __scatter_zi.o(!!handler_zi)
    .ARM.Collect$$libinit$$00000000          0x080001a4   Section        2  libinit.o(.ARM.Collect$$libinit$$00000000)
    .ARM.Collect$$libinit$$00000002          0x080001a6   Section        0  libinit2.o(.ARM.Collect$$libinit$$00000002)
    .ARM.Collect$$libinit$$00000004          0x080001a6   Section        0  libinit2.o(.ARM.Collect$$libinit$$00000004)
    .ARM.Collect$$libinit$$0000000A          0x080001a6   Section        0  libinit2.o(.ARM.Collect$$libinit$$0000000A)
    .ARM.Collect$$libinit$$0000000C          0x080001a6   Section        0  libinit2.o(.ARM.Collect$$libinit$$0000000C)
    .ARM.Collect$$libinit$$0000000E          0x080001a6   Section        0  libinit2.o(.ARM.Collect$$libinit$$0000000E)
    .ARM.Collect$$libinit$$00000011          0x080001a6   Section        0  libinit2.o(.ARM.Collect$$libinit$$00000011)
    .ARM.Collect$$libinit$$00000013          0x080001a6   Section        0  libinit2.o(.ARM.Collect$$libinit$$00000013)
    .ARM.Collect$$libinit$$00000015          0x080001a6   Section        0  libinit2.o(.ARM.Collect$$libinit$$00000015)
    .ARM.Collect$$libinit$$00000017          0x080001a6   Section        0  libinit2.o(.ARM.Collect$$libinit$$00000017)
    .ARM.Collect$$libinit$$00000019          0x080001a6   Section        0  libinit2.o(.ARM.Collect$$libinit$$00000019)
    .ARM.Collect$$libinit$$0000001B          0x080001a6   Section        0  libinit2.o(.ARM.Collect$$libinit$$0000001B)
    .ARM.Collect$$libinit$$0000001D          0x080001a6   Section        0  libinit2.o(.ARM.Collect$$libinit$$0000001D)
    .ARM.Collect$$libinit$$0000001F          0x080001a6   Section        0  libinit2.o(.ARM.Collect$$libinit$$0000001F)
    .ARM.Collect$$libinit$$00000021          0x080001a6   Section        0  libinit2.o(.ARM.Collect$$libinit$$00000021)
    .ARM.Collect$$libinit$$00000023          0x080001a6   Section        0  libinit2.o(.ARM.Collect$$libinit$$00000023)
    .ARM.Collect$$libinit$$00000025          0x080001a6   Section        0  libinit2.o(.ARM.Collect$$libinit$$00000025)
    .ARM.Collect$$libinit$$0000002C          0x080001a6   Section        0  libinit2.o(.ARM.Collect$$libinit$$0000002C)
    .ARM.Collect$$libinit$$0000002E          0x080001a6   Section        0  libinit2.o(.ARM.Collect$$libinit$$0000002E)
    .ARM.Collect$$libinit$$00000030          0x080001a6   Section        0  libinit2.o(.ARM.Collect$$libinit$$00000030)
    .ARM.Collect$$libinit$$00000032          0x080001a6   Section        0  libinit2.o(.ARM.Collect$$libinit$$00000032)
    .ARM.Collect$$libinit$$00000033          0x080001a6   Section        2  libinit2.o(.ARM.Collect$$libinit$$00000033)
    .ARM.Collect$$libshutdown$$00000000      0x080001a8   Section        2  libshutdown.o(.ARM.Collect$$libshutdown$$00000000)
    .ARM.Collect$$libshutdown$$00000003      0x080001aa   Section        0  libshutdown2.o(.ARM.Collect$$libshutdown$$00000003)
    .ARM.Collect$$libshutdown$$00000006      0x080001aa   Section        0  libshutdown2.o(.ARM.Collect$$libshutdown$$00000006)
    .ARM.Collect$$libshutdown$$00000009      0x080001aa   Section        0  libshutdown2.o(.ARM.Collect$$libshutdown$$00000009)
    .ARM.Collect$$libshutdown$$0000000B      0x080001aa   Section        0  libshutdown2.o(.ARM.Collect$$libshutdown$$0000000B)
    .ARM.Collect$$libshutdown$$0000000E      0x080001aa   Section        0  libshutdown2.o(.ARM.Collect$$libshutdown$$0000000E)
    .ARM.Collect$$libshutdown$$0000000F      0x080001aa   Section        2  libshutdown2.o(.ARM.Collect$$libshutdown$$0000000F)
    .ARM.Collect$$rtentry$$00000000          0x080001ac   Section        0  __rtentry.o(.ARM.Collect$$rtentry$$00000000)
    .ARM.Collect$$rtentry$$00000002          0x080001ac   Section        0  __rtentry2.o(.ARM.Collect$$rtentry$$00000002)
    .ARM.Collect$$rtentry$$00000004          0x080001ac   Section        6  __rtentry4.o(.ARM.Collect$$rtentry$$00000004)
    .ARM.Collect$$rtentry$$00000009          0x080001b2   Section        0  __rtentry2.o(.ARM.Collect$$rtentry$$00000009)
    .ARM.Collect$$rtentry$$0000000A          0x080001b2   Section        4  __rtentry2.o(.ARM.Collect$$rtentry$$0000000A)
    .ARM.Collect$$rtentry$$0000000C          0x080001b6   Section        0  __rtentry2.o(.ARM.Collect$$rtentry$$0000000C)
    .ARM.Collect$$rtentry$$0000000D          0x080001b6   Section        8  __rtentry2.o(.ARM.Collect$$rtentry$$0000000D)
    .ARM.Collect$$rtexit$$00000000           0x080001be   Section        2  rtexit.o(.ARM.Collect$$rtexit$$00000000)
    .ARM.Collect$$rtexit$$00000002           0x080001c0   Section        0  rtexit2.o(.ARM.Collect$$rtexit$$00000002)
    .ARM.Collect$$rtexit$$00000003           0x080001c0   Section        4  rtexit2.o(.ARM.Collect$$rtexit$$00000003)
    .ARM.Collect$$rtexit$$00000004           0x080001c4   Section        6  rtexit2.o(.ARM.Collect$$rtexit$$00000004)
    .text                                    0x080001cc   Section       64  startup_stm32f10x_hd.o(.text)
    .text                                    0x0800020c   Section        2  use_no_semi_2.o(.text)
    .text                                    0x0800020e   Section        0  heapauxi.o(.text)
    .text                                    0x08000214   Section        2  use_no_semi.o(.text)
    .text                                    0x08000216   Section       74  sys_stackheap_outer.o(.text)
    .text                                    0x08000260   Section        0  exit.o(.text)
    .text                                    0x0800026c   Section        8  libspace.o(.text)
    i.BusFault_Handler                       0x08000274   Section        0  stm32f10x_it.o(i.BusFault_Handler)
    i.Car_Motor_Init                         0x08000278   Section        0  motor.o(i.Car_Motor_Init)
    i.Car_back                               0x08000374   Section        0  motor.o(i.Car_back)
    i.Car_brake                              0x08000398   Section        0  motor.o(i.Car_brake)
    i.Car_forward                            0x080003cc   Section        0  motor.o(i.Car_forward)
    i.Car_left                               0x080003ee   Section        0  motor.o(i.Car_left)
    i.Car_leftSpin                           0x0800040c   Section        0  motor.o(i.Car_leftSpin)
    i.Car_right                              0x0800042a   Section        0  motor.o(i.Car_right)
    i.DebugMon_Handler                       0x0800044c   Section        0  stm32f10x_it.o(i.DebugMon_Handler)
    i.EXTI1_IRQHandler                       0x08000450   Section        0  ultrasonicwave.o(i.EXTI1_IRQHandler)
    i.EXTI_ClearITPendingBit                 0x080004d0   Section        0  stm32f10x_exti.o(i.EXTI_ClearITPendingBit)
    i.EXTI_GetITStatus                       0x080004dc   Section        0  stm32f10x_exti.o(i.EXTI_GetITStatus)
    i.EXTI_Init                              0x08000504   Section        0  stm32f10x_exti.o(i.EXTI_Init)
    i.GPIO_EXTILineConfig                    0x08000598   Section        0  stm32f10x_gpio.o(i.GPIO_EXTILineConfig)
    i.GPIO_Init                              0x080005d8   Section        0  stm32f10x_gpio.o(i.GPIO_Init)
    i.GPIO_ReadInputDataBit                  0x080006ee   Section        0  stm32f10x_gpio.o(i.GPIO_ReadInputDataBit)
    i.GPIO_ResetBits                         0x08000700   Section        0  stm32f10x_gpio.o(i.GPIO_ResetBits)
    i.GPIO_SetBits                           0x08000704   Section        0  stm32f10x_gpio.o(i.GPIO_SetBits)
    i.HardFault_Handler                      0x08000708   Section        0  stm32f10x_it.o(i.HardFault_Handler)
    i.IRAvoidInit                            0x0800070c   Section        0  iravoid.o(i.IRAvoidInit)
    i.IRSearchInit                           0x08000738   Section        0  irsearch.o(i.IRSearchInit)
    i.KEY_Init                               0x08000780   Section        0  keysacn.o(i.KEY_Init)
    i.MemManage_Handler                      0x080007fc   Section        0  stm32f10x_it.o(i.MemManage_Handler)
    i.NMI_Handler                            0x08000800   Section        0  stm32f10x_it.o(i.NMI_Handler)
    i.NVIC_Init                              0x08000804   Section        0  misc.o(i.NVIC_Init)
    i.PendSV_Handler                         0x08000874   Section        0  stm32f10x_it.o(i.PendSV_Handler)
    i.RCC_APB1PeriphClockCmd                 0x08000878   Section        0  stm32f10x_rcc.o(i.RCC_APB1PeriphClockCmd)
    i.RCC_APB2PeriphClockCmd                 0x08000898   Section        0  stm32f10x_rcc.o(i.RCC_APB2PeriphClockCmd)
    i.RCC_GetClocksFreq                      0x080008b8   Section        0  stm32f10x_rcc.o(i.RCC_GetClocksFreq)
    i.SVC_Handler                            0x0800098c   Section        0  stm32f10x_it.o(i.SVC_Handler)
    i.SetJointAngle                          0x08000990   Section        0  servo.o(i.SetJointAngle)
    i.SetMotorSpeed                          0x080009f0   Section        0  motor.o(i.SetMotorSpeed)
    i.SetSysClock                            0x08000aa8   Section        0  system_stm32f10x.o(i.SetSysClock)
    SetSysClock                              0x08000aa9   Thumb Code     8  system_stm32f10x.o(i.SetSysClock)
    i.SetSysClockTo72                        0x08000ab0   Section        0  system_stm32f10x.o(i.SetSysClockTo72)
    SetSysClockTo72                          0x08000ab1   Thumb Code   214  system_stm32f10x.o(i.SetSysClockTo72)
    i.SysTick_CLKSourceConfig                0x08000b90   Section        0  misc.o(i.SysTick_CLKSourceConfig)
    i.SysTick_Handler                        0x08000bb8   Section        0  stm32f10x_it.o(i.SysTick_Handler)
    i.SystemInit                             0x08000bbc   Section        0  system_stm32f10x.o(i.SystemInit)
    i.TIM2_IRQHandler                        0x08000c1c   Section        0  timer.o(i.TIM2_IRQHandler)
    i.TIM5_PWM_Init                          0x08000c34   Section        0  servo.o(i.TIM5_PWM_Init)
    i.TIM_ARRPreloadConfig                   0x08000cd4   Section        0  stm32f10x_tim.o(i.TIM_ARRPreloadConfig)
    i.TIM_ClearITPendingBit                  0x08000cec   Section        0  stm32f10x_tim.o(i.TIM_ClearITPendingBit)
    i.TIM_Cmd                                0x08000cf2   Section        0  stm32f10x_tim.o(i.TIM_Cmd)
    i.TIM_CtrlPWMOutputs                     0x08000d0a   Section        0  stm32f10x_tim.o(i.TIM_CtrlPWMOutputs)
    i.TIM_GetCounter                         0x08000d28   Section        0  stm32f10x_tim.o(i.TIM_GetCounter)
    i.TIM_GetITStatus                        0x08000d2e   Section        0  stm32f10x_tim.o(i.TIM_GetITStatus)
    i.TIM_ITConfig                           0x08000d50   Section        0  stm32f10x_tim.o(i.TIM_ITConfig)
    i.TIM_OC1Init                            0x08000d64   Section        0  stm32f10x_tim.o(i.TIM_OC1Init)
    i.TIM_OC1PreloadConfig                   0x08000dfc   Section        0  stm32f10x_tim.o(i.TIM_OC1PreloadConfig)
    i.TIM_OC2Init                            0x08000e10   Section        0  stm32f10x_tim.o(i.TIM_OC2Init)
    i.TIM_OC3Init                            0x08000eb4   Section        0  stm32f10x_tim.o(i.TIM_OC3Init)
    i.TIM_OC3PreloadConfig                   0x08000f54   Section        0  stm32f10x_tim.o(i.TIM_OC3PreloadConfig)
    i.TIM_OC4Init                            0x08000f68   Section        0  stm32f10x_tim.o(i.TIM_OC4Init)
    i.TIM_OC4PreloadConfig                   0x08000fe4   Section        0  stm32f10x_tim.o(i.TIM_OC4PreloadConfig)
    i.TIM_SetCompare1                        0x08000ffe   Section        0  stm32f10x_tim.o(i.TIM_SetCompare1)
    i.TIM_SetCompare3                        0x08001002   Section        0  stm32f10x_tim.o(i.TIM_SetCompare3)
    i.TIM_SetCompare4                        0x08001006   Section        0  stm32f10x_tim.o(i.TIM_SetCompare4)
    i.TIM_SetCounter                         0x0800100c   Section        0  stm32f10x_tim.o(i.TIM_SetCounter)
    i.TIM_TimeBaseInit                       0x08001010   Section        0  stm32f10x_tim.o(i.TIM_TimeBaseInit)
    i.Timerx_Init                            0x080010b4   Section        0  timer.o(i.Timerx_Init)
    i.USART1_IRQHandler                      0x08001110   Section        0  usart.o(i.USART1_IRQHandler)
    i.USART_Cmd                              0x08001198   Section        0  stm32f10x_usart.o(i.USART_Cmd)
    i.USART_GetITStatus                      0x080011b0   Section        0  stm32f10x_usart.o(i.USART_GetITStatus)
    i.USART_ITConfig                         0x08001204   Section        0  stm32f10x_usart.o(i.USART_ITConfig)
    i.USART_Init                             0x08001250   Section        0  stm32f10x_usart.o(i.USART_Init)
    i.USART_ReceiveData                      0x08001328   Section        0  stm32f10x_usart.o(i.USART_ReceiveData)
    i.UltrasonicWave_Configuration           0x08001334   Section        0  ultrasonicwave.o(i.UltrasonicWave_Configuration)
    i.UltrasonicWave_StartMeasure            0x080013b4   Section        0  ultrasonicwave.o(i.UltrasonicWave_StartMeasure)
    i.UsageFault_Handler                     0x080013f0   Section        0  stm32f10x_it.o(i.UsageFault_Handler)
    i._sys_exit                              0x080013f4   Section        0  usart.o(i._sys_exit)
    i.delay_init                             0x080013f8   Section        0  delay.o(i.delay_init)
    i.delay_ms                               0x0800143c   Section        0  delay.o(i.delay_ms)
    i.delay_us                               0x08001488   Section        0  delay.o(i.delay_us)
    i.front_detection                        0x080014d4   Section        0  main.o(i.front_detection)
    i.keysacn                                0x080014ec   Section        0  keysacn.o(i.keysacn)
    i.left_detection                         0x08001560   Section        0  main.o(i.left_detection)
    i.main                                   0x0800157c   Section        0  main.o(i.main)
    i.right_detection                        0x08001654   Section        0  main.o(i.right_detection)
    i.uart_init                              0x08001670   Section        0  usart.o(i.uart_init)
    x$fpl$d2f                                0x08001710   Section       98  d2f.o(x$fpl$d2f)
    x$fpl$dadd                               0x08001774   Section      336  daddsub_clz.o(x$fpl$dadd)
    _dadd1                                   0x08001785   Thumb Code     0  daddsub_clz.o(x$fpl$dadd)
    x$fpl$ddiv                               0x080018c4   Section      688  ddiv.o(x$fpl$ddiv)
    ddiv_entry                               0x080018cb   Thumb Code     0  ddiv.o(x$fpl$ddiv)
    x$fpl$dfix                               0x08001b74   Section       94  dfix.o(x$fpl$dfix)
    x$fpl$dfixu                              0x08001bd4   Section       90  dfixu.o(x$fpl$dfixu)
    x$fpl$dflt                               0x08001c2e   Section       46  dflt_clz.o(x$fpl$dflt)
    x$fpl$dmul                               0x08001c5c   Section      340  dmul.o(x$fpl$dmul)
    x$fpl$dnaninf                            0x08001db0   Section      156  dnaninf.o(x$fpl$dnaninf)
    x$fpl$dretinf                            0x08001e4c   Section       12  dretinf.o(x$fpl$dretinf)
    x$fpl$drsb                               0x08001e58   Section       22  daddsub_clz.o(x$fpl$drsb)
    x$fpl$dsub                               0x08001e70   Section      468  daddsub_clz.o(x$fpl$dsub)
    _dsub1                                   0x08001e81   Thumb Code     0  daddsub_clz.o(x$fpl$dsub)
    x$fpl$f2d                                0x08002044   Section       86  f2d.o(x$fpl$f2d)
    x$fpl$ffix                               0x0800209c   Section       54  ffix.o(x$fpl$ffix)
    x$fpl$ffixu                              0x080020d4   Section       62  ffixu.o(x$fpl$ffixu)
    x$fpl$ffltu                              0x08002114   Section       38  fflt_clz.o(x$fpl$ffltu)
    x$fpl$fmul                               0x0800213c   Section      258  fmul.o(x$fpl$fmul)
    x$fpl$fnaninf                            0x0800223e   Section      140  fnaninf.o(x$fpl$fnaninf)
    x$fpl$fretinf                            0x080022ca   Section       10  fretinf.o(x$fpl$fretinf)
    x$fpl$usenofp                            0x080022d4   Section        0  usenofp.o(x$fpl$usenofp)
    .data                                    0x20000000   Section        4  delay.o(.data)
    fac_us                                   0x20000000   Data           1  delay.o(.data)
    fac_ms                                   0x20000002   Data           2  delay.o(.data)
    .data                                    0x20000004   Section        4  ultrasonicwave.o(.data)
    .data                                    0x20000008   Section        6  usart.o(.data)
    .data                                    0x2000000e   Section       20  stm32f10x_rcc.o(.data)
    APBAHBPrescTable                         0x2000000e   Data          16  stm32f10x_rcc.o(.data)
    ADCPrescTable                            0x2000001e   Data           4  stm32f10x_rcc.o(.data)
    .data                                    0x20000024   Section       20  system_stm32f10x.o(.data)
    .bss                                     0x20000038   Section      200  usart.o(.bss)
    .bss                                     0x20000100   Section       96  libspace.o(.bss)
    HEAP                                     0x20000160   Section      512  startup_stm32f10x_hd.o(HEAP)
    Heap_Mem                                 0x20000160   Data         512  startup_stm32f10x_hd.o(HEAP)
    STACK                                    0x20000360   Section     1024  startup_stm32f10x_hd.o(STACK)
    Stack_Mem                                0x20000360   Data        1024  startup_stm32f10x_hd.o(STACK)
    __initial_sp                             0x20000760   Data           0  startup_stm32f10x_hd.o(STACK)

    Global Symbols

    Symbol Name                              Value     Ov Type        Size  Object(Section)

    BuildAttributes$$THM_ISAv4$P$D$K$B$S$PE$A:L22UL41UL21$X:L11$S22US41US21$IEEE1$IW$USESV6$~STKCKD$USESV7$~SHL$OSPACE$ROPI$EBA8$UX$STANDARDLIB$REQ8$PRES8$EABIv2 0x00000000   Number         0  anon$$obj.o ABSOLUTE
    __ARM_use_no_argv                        0x00000000   Number         0  main.o ABSOLUTE
    __ARM_exceptions_init                     - Undefined Weak Reference
    __alloca_initialize                       - Undefined Weak Reference
    __arm_preinit_                            - Undefined Weak Reference
    __cpp_initialize__aeabi_                  - Undefined Weak Reference
    __cxa_finalize                            - Undefined Weak Reference
    __rt_locale                               - Undefined Weak Reference
    __sigvec_lookup                           - Undefined Weak Reference
    _atexit_init                              - Undefined Weak Reference
    _call_atexit_fns                          - Undefined Weak Reference
    _clock_init                               - Undefined Weak Reference
    _fp_trap_init                             - Undefined Weak Reference
    _fp_trap_shutdown                         - Undefined Weak Reference
    _get_lc_collate                           - Undefined Weak Reference
    _get_lc_ctype                             - Undefined Weak Reference
    _get_lc_monetary                          - Undefined Weak Reference
    _get_lc_numeric                           - Undefined Weak Reference
    _get_lc_time                              - Undefined Weak Reference
    _getenv_init                              - Undefined Weak Reference
    _handle_redirection                       - Undefined Weak Reference
    _init_alloc                               - Undefined Weak Reference
    _init_user_alloc                          - Undefined Weak Reference
    _initio                                   - Undefined Weak Reference
    _rand_init                                - Undefined Weak Reference
    _signal_finish                            - Undefined Weak Reference
    _signal_init                              - Undefined Weak Reference
    _terminate_alloc                          - Undefined Weak Reference
    _terminate_user_alloc                     - Undefined Weak Reference
    _terminateio                              - Undefined Weak Reference
    __Vectors_Size                           0x00000130   Number         0  startup_stm32f10x_hd.o ABSOLUTE
    __Vectors                                0x08000000   Data           4  startup_stm32f10x_hd.o(RESET)
    __Vectors_End                            0x08000130   Data           0  startup_stm32f10x_hd.o(RESET)
    __main                                   0x08000131   Thumb Code     8  __main.o(!!!main)
    __scatterload                            0x08000139   Thumb Code     0  __scatter.o(!!!scatter)
    __scatterload_rt2                        0x08000139   Thumb Code    44  __scatter.o(!!!scatter)
    __scatterload_rt2_thumb_only             0x08000139   Thumb Code     0  __scatter.o(!!!scatter)
    __scatterload_null                       0x08000147   Thumb Code     0  __scatter.o(!!!scatter)
    __scatterload_copy                       0x0800016d   Thumb Code    26  __scatter_copy.o(!!handler_copy)
    __scatterload_zeroinit                   0x08000189   Thumb Code    28  __scatter_zi.o(!!handler_zi)
    __rt_lib_init                            0x080001a5   Thumb Code     0  libinit.o(.ARM.Collect$$libinit$$00000000)
    __rt_lib_init_alloca_1                   0x080001a7   Thumb Code     0  libinit2.o(.ARM.Collect$$libinit$$0000002E)
    __rt_lib_init_argv_1                     0x080001a7   Thumb Code     0  libinit2.o(.ARM.Collect$$libinit$$0000002C)
    __rt_lib_init_atexit_1                   0x080001a7   Thumb Code     0  libinit2.o(.ARM.Collect$$libinit$$0000001B)
    __rt_lib_init_clock_1                    0x080001a7   Thumb Code     0  libinit2.o(.ARM.Collect$$libinit$$00000021)
    __rt_lib_init_cpp_1                      0x080001a7   Thumb Code     0  libinit2.o(.ARM.Collect$$libinit$$00000032)
    __rt_lib_init_exceptions_1               0x080001a7   Thumb Code     0  libinit2.o(.ARM.Collect$$libinit$$00000030)
    __rt_lib_init_fp_1                       0x080001a7   Thumb Code     0  libinit2.o(.ARM.Collect$$libinit$$00000002)
    __rt_lib_init_fp_trap_1                  0x080001a7   Thumb Code     0  libinit2.o(.ARM.Collect$$libinit$$0000001F)
    __rt_lib_init_getenv_1                   0x080001a7   Thumb Code     0  libinit2.o(.ARM.Collect$$libinit$$00000023)
    __rt_lib_init_heap_1                     0x080001a7   Thumb Code     0  libinit2.o(.ARM.Collect$$libinit$$0000000A)
    __rt_lib_init_lc_collate_1               0x080001a7   Thumb Code     0  libinit2.o(.ARM.Collect$$libinit$$00000011)
    __rt_lib_init_lc_ctype_1                 0x080001a7   Thumb Code     0  libinit2.o(.ARM.Collect$$libinit$$00000013)
    __rt_lib_init_lc_monetary_1              0x080001a7   Thumb Code     0  libinit2.o(.ARM.Collect$$libinit$$00000015)
    __rt_lib_init_lc_numeric_1               0x080001a7   Thumb Code     0  libinit2.o(.ARM.Collect$$libinit$$00000017)
    __rt_lib_init_lc_time_1                  0x080001a7   Thumb Code     0  libinit2.o(.ARM.Collect$$libinit$$00000019)
    __rt_lib_init_preinit_1                  0x080001a7   Thumb Code     0  libinit2.o(.ARM.Collect$$libinit$$00000004)
    __rt_lib_init_rand_1                     0x080001a7   Thumb Code     0  libinit2.o(.ARM.Collect$$libinit$$0000000E)
    __rt_lib_init_return                     0x080001a7   Thumb Code     0  libinit2.o(.ARM.Collect$$libinit$$00000033)
    __rt_lib_init_signal_1                   0x080001a7   Thumb Code     0  libinit2.o(.ARM.Collect$$libinit$$0000001D)
    __rt_lib_init_stdio_1                    0x080001a7   Thumb Code     0  libinit2.o(.ARM.Collect$$libinit$$00000025)
    __rt_lib_init_user_alloc_1               0x080001a7   Thumb Code     0  libinit2.o(.ARM.Collect$$libinit$$0000000C)
    __rt_lib_shutdown                        0x080001a9   Thumb Code     0  libshutdown.o(.ARM.Collect$$libshutdown$$00000000)
    __rt_lib_shutdown_fp_trap_1              0x080001ab   Thumb Code     0  libshutdown2.o(.ARM.Collect$$libshutdown$$00000006)
    __rt_lib_shutdown_heap_1                 0x080001ab   Thumb Code     0  libshutdown2.o(.ARM.Collect$$libshutdown$$0000000E)
    __rt_lib_shutdown_return                 0x080001ab   Thumb Code     0  libshutdown2.o(.ARM.Collect$$libshutdown$$0000000F)
    __rt_lib_shutdown_signal_1               0x080001ab   Thumb Code     0  libshutdown2.o(.ARM.Collect$$libshutdown$$00000009)
    __rt_lib_shutdown_stdio_1                0x080001ab   Thumb Code     0  libshutdown2.o(.ARM.Collect$$libshutdown$$00000003)
    __rt_lib_shutdown_user_alloc_1           0x080001ab   Thumb Code     0  libshutdown2.o(.ARM.Collect$$libshutdown$$0000000B)
    __rt_entry                               0x080001ad   Thumb Code     0  __rtentry.o(.ARM.Collect$$rtentry$$00000000)
    __rt_entry_presh_1                       0x080001ad   Thumb Code     0  __rtentry2.o(.ARM.Collect$$rtentry$$00000002)
    __rt_entry_sh                            0x080001ad   Thumb Code     0  __rtentry4.o(.ARM.Collect$$rtentry$$00000004)
    __rt_entry_li                            0x080001b3   Thumb Code     0  __rtentry2.o(.ARM.Collect$$rtentry$$0000000A)
    __rt_entry_postsh_1                      0x080001b3   Thumb Code     0  __rtentry2.o(.ARM.Collect$$rtentry$$00000009)
    __rt_entry_main                          0x080001b7   Thumb Code     0  __rtentry2.o(.ARM.Collect$$rtentry$$0000000D)
    __rt_entry_postli_1                      0x080001b7   Thumb Code     0  __rtentry2.o(.ARM.Collect$$rtentry$$0000000C)
    __rt_exit                                0x080001bf   Thumb Code     0  rtexit.o(.ARM.Collect$$rtexit$$00000000)
    __rt_exit_ls                             0x080001c1   Thumb Code     0  rtexit2.o(.ARM.Collect$$rtexit$$00000003)
    __rt_exit_prels_1                        0x080001c1   Thumb Code     0  rtexit2.o(.ARM.Collect$$rtexit$$00000002)
    __rt_exit_exit                           0x080001c5   Thumb Code     0  rtexit2.o(.ARM.Collect$$rtexit$$00000004)
    Reset_Handler                            0x080001cd   Thumb Code     8  startup_stm32f10x_hd.o(.text)
    ADC1_2_IRQHandler                        0x080001e7   Thumb Code     0  startup_stm32f10x_hd.o(.text)
    ADC3_IRQHandler                          0x080001e7   Thumb Code     0  startup_stm32f10x_hd.o(.text)
    CAN1_RX1_IRQHandler                      0x080001e7   Thumb Code     0  startup_stm32f10x_hd.o(.text)
    CAN1_SCE_IRQHandler                      0x080001e7   Thumb Code     0  startup_stm32f10x_hd.o(.text)
    DMA1_Channel1_IRQHandler                 0x080001e7   Thumb Code     0  startup_stm32f10x_hd.o(.text)
    DMA1_Channel2_IRQHandler                 0x080001e7   Thumb Code     0  startup_stm32f10x_hd.o(.text)
    DMA1_Channel3_IRQHandler                 0x080001e7   Thumb Code     0  startup_stm32f10x_hd.o(.text)
    DMA1_Channel4_IRQHandler                 0x080001e7   Thumb Code     0  startup_stm32f10x_hd.o(.text)
    DMA1_Channel5_IRQHandler                 0x080001e7   Thumb Code     0  startup_stm32f10x_hd.o(.text)
    DMA1_Channel6_IRQHandler                 0x080001e7   Thumb Code     0  startup_stm32f10x_hd.o(.text)
    DMA1_Channel7_IRQHandler                 0x080001e7   Thumb Code     0  startup_stm32f10x_hd.o(.text)
    DMA2_Channel1_IRQHandler                 0x080001e7   Thumb Code     0  startup_stm32f10x_hd.o(.text)
    DMA2_Channel2_IRQHandler                 0x080001e7   Thumb Code     0  startup_stm32f10x_hd.o(.text)
    DMA2_Channel3_IRQHandler                 0x080001e7   Thumb Code     0  startup_stm32f10x_hd.o(.text)
    DMA2_Channel4_5_IRQHandler               0x080001e7   Thumb Code     0  startup_stm32f10x_hd.o(.text)
    EXTI0_IRQHandler                         0x080001e7   Thumb Code     0  startup_stm32f10x_hd.o(.text)
    EXTI15_10_IRQHandler                     0x080001e7   Thumb Code     0  startup_stm32f10x_hd.o(.text)
    EXTI2_IRQHandler                         0x080001e7   Thumb Code     0  startup_stm32f10x_hd.o(.text)
    EXTI3_IRQHandler                         0x080001e7   Thumb Code     0  startup_stm32f10x_hd.o(.text)
    EXTI4_IRQHandler                         0x080001e7   Thumb Code     0  startup_stm32f10x_hd.o(.text)
    EXTI9_5_IRQHandler                       0x080001e7   Thumb Code     0  startup_stm32f10x_hd.o(.text)
    FLASH_IRQHandler                         0x080001e7   Thumb Code     0  startup_stm32f10x_hd.o(.text)
    FSMC_IRQHandler                          0x080001e7   Thumb Code     0  startup_stm32f10x_hd.o(.text)
    I2C1_ER_IRQHandler                       0x080001e7   Thumb Code     0  startup_stm32f10x_hd.o(.text)
    I2C1_EV_IRQHandler                       0x080001e7   Thumb Code     0  startup_stm32f10x_hd.o(.text)
    I2C2_ER_IRQHandler                       0x080001e7   Thumb Code     0  startup_stm32f10x_hd.o(.text)
    I2C2_EV_IRQHandler                       0x080001e7   Thumb Code     0  startup_stm32f10x_hd.o(.text)
    PVD_IRQHandler                           0x080001e7   Thumb Code     0  startup_stm32f10x_hd.o(.text)
    RCC_IRQHandler                           0x080001e7   Thumb Code     0  startup_stm32f10x_hd.o(.text)
    RTCAlarm_IRQHandler                      0x080001e7   Thumb Code     0  startup_stm32f10x_hd.o(.text)
    RTC_IRQHandler                           0x080001e7   Thumb Code     0  startup_stm32f10x_hd.o(.text)
    SDIO_IRQHandler                          0x080001e7   Thumb Code     0  startup_stm32f10x_hd.o(.text)
    SPI1_IRQHandler                          0x080001e7   Thumb Code     0  startup_stm32f10x_hd.o(.text)
    SPI2_IRQHandler                          0x080001e7   Thumb Code     0  startup_stm32f10x_hd.o(.text)
    SPI3_IRQHandler                          0x080001e7   Thumb Code     0  startup_stm32f10x_hd.o(.text)
    TAMPER_IRQHandler                        0x080001e7   Thumb Code     0  startup_stm32f10x_hd.o(.text)
    TIM1_BRK_IRQHandler                      0x080001e7   Thumb Code     0  startup_stm32f10x_hd.o(.text)
    TIM1_CC_IRQHandler                       0x080001e7   Thumb Code     0  startup_stm32f10x_hd.o(.text)
    TIM1_TRG_COM_IRQHandler                  0x080001e7   Thumb Code     0  startup_stm32f10x_hd.o(.text)
    TIM1_UP_IRQHandler                       0x080001e7   Thumb Code     0  startup_stm32f10x_hd.o(.text)
    TIM3_IRQHandler                          0x080001e7   Thumb Code     0  startup_stm32f10x_hd.o(.text)
    TIM4_IRQHandler                          0x080001e7   Thumb Code     0  startup_stm32f10x_hd.o(.text)
    TIM5_IRQHandler                          0x080001e7   Thumb Code     0  startup_stm32f10x_hd.o(.text)
    TIM6_IRQHandler                          0x080001e7   Thumb Code     0  startup_stm32f10x_hd.o(.text)
    TIM7_IRQHandler                          0x080001e7   Thumb Code     0  startup_stm32f10x_hd.o(.text)
    TIM8_BRK_IRQHandler                      0x080001e7   Thumb Code     0  startup_stm32f10x_hd.o(.text)
    TIM8_CC_IRQHandler                       0x080001e7   Thumb Code     0  startup_stm32f10x_hd.o(.text)
    TIM8_TRG_COM_IRQHandler                  0x080001e7   Thumb Code     0  startup_stm32f10x_hd.o(.text)
    TIM8_UP_IRQHandler                       0x080001e7   Thumb Code     0  startup_stm32f10x_hd.o(.text)
    UART4_IRQHandler                         0x080001e7   Thumb Code     0  startup_stm32f10x_hd.o(.text)
    UART5_IRQHandler                         0x080001e7   Thumb Code     0  startup_stm32f10x_hd.o(.text)
    USART2_IRQHandler                        0x080001e7   Thumb Code     0  startup_stm32f10x_hd.o(.text)
    USART3_IRQHandler                        0x080001e7   Thumb Code     0  startup_stm32f10x_hd.o(.text)
    USBWakeUp_IRQHandler                     0x080001e7   Thumb Code     0  startup_stm32f10x_hd.o(.text)
    USB_HP_CAN1_TX_IRQHandler                0x080001e7   Thumb Code     0  startup_stm32f10x_hd.o(.text)
    USB_LP_CAN1_RX0_IRQHandler               0x080001e7   Thumb Code     0  startup_stm32f10x_hd.o(.text)
    WWDG_IRQHandler                          0x080001e7   Thumb Code     0  startup_stm32f10x_hd.o(.text)
    __user_initial_stackheap                 0x080001e9   Thumb Code     0  startup_stm32f10x_hd.o(.text)
    __use_no_semihosting                     0x0800020d   Thumb Code     2  use_no_semi_2.o(.text)
    __use_two_region_memory                  0x0800020f   Thumb Code     2  heapauxi.o(.text)
    __rt_heap_escrow$2region                 0x08000211   Thumb Code     2  heapauxi.o(.text)
    __rt_heap_expand$2region                 0x08000213   Thumb Code     2  heapauxi.o(.text)
    __I$use$semihosting                      0x08000215   Thumb Code     0  use_no_semi.o(.text)
    __use_no_semihosting_swi                 0x08000215   Thumb Code     2  use_no_semi.o(.text)
    __user_setup_stackheap                   0x08000217   Thumb Code    74  sys_stackheap_outer.o(.text)
    exit                                     0x08000261   Thumb Code    12  exit.o(.text)
    __user_libspace                          0x0800026d   Thumb Code     8  libspace.o(.text)
    __user_perproc_libspace                  0x0800026d   Thumb Code     0  libspace.o(.text)
    __user_perthread_libspace                0x0800026d   Thumb Code     0  libspace.o(.text)
    BusFault_Handler                         0x08000275   Thumb Code     4  stm32f10x_it.o(i.BusFault_Handler)
    Car_Motor_Init                           0x08000279   Thumb Code   240  motor.o(i.Car_Motor_Init)
    Car_back                                 0x08000375   Thumb Code    34  motor.o(i.Car_back)
    Car_brake                                0x08000399   Thumb Code    44  motor.o(i.Car_brake)
    Car_forward                              0x080003cd   Thumb Code    34  motor.o(i.Car_forward)
    Car_left                                 0x080003ef   Thumb Code    30  motor.o(i.Car_left)
    Car_leftSpin                             0x0800040d   Thumb Code    30  motor.o(i.Car_leftSpin)
    Car_right                                0x0800042b   Thumb Code    34  motor.o(i.Car_right)
    DebugMon_Handler                         0x0800044d   Thumb Code     2  stm32f10x_it.o(i.DebugMon_Handler)
    EXTI1_IRQHandler                         0x08000451   Thumb Code   114  ultrasonicwave.o(i.EXTI1_IRQHandler)
    EXTI_ClearITPendingBit                   0x080004d1   Thumb Code     6  stm32f10x_exti.o(i.EXTI_ClearITPendingBit)
    EXTI_GetITStatus                         0x080004dd   Thumb Code    34  stm32f10x_exti.o(i.EXTI_GetITStatus)
    EXTI_Init                                0x08000505   Thumb Code   142  stm32f10x_exti.o(i.EXTI_Init)
    GPIO_EXTILineConfig                      0x08000599   Thumb Code    60  stm32f10x_gpio.o(i.GPIO_EXTILineConfig)
    GPIO_Init                                0x080005d9   Thumb Code   278  stm32f10x_gpio.o(i.GPIO_Init)
    GPIO_ReadInputDataBit                    0x080006ef   Thumb Code    18  stm32f10x_gpio.o(i.GPIO_ReadInputDataBit)
    GPIO_ResetBits                           0x08000701   Thumb Code     4  stm32f10x_gpio.o(i.GPIO_ResetBits)
    GPIO_SetBits                             0x08000705   Thumb Code     4  stm32f10x_gpio.o(i.GPIO_SetBits)
    HardFault_Handler                        0x08000709   Thumb Code     4  stm32f10x_it.o(i.HardFault_Handler)
    IRAvoidInit                              0x0800070d   Thumb Code    38  iravoid.o(i.IRAvoidInit)
    IRSearchInit                             0x08000739   Thumb Code    64  irsearch.o(i.IRSearchInit)
    KEY_Init                                 0x08000781   Thumb Code   110  keysacn.o(i.KEY_Init)
    MemManage_Handler                        0x080007fd   Thumb Code     4  stm32f10x_it.o(i.MemManage_Handler)
    NMI_Handler                              0x08000801   Thumb Code     2  stm32f10x_it.o(i.NMI_Handler)
    NVIC_Init                                0x08000805   Thumb Code   100  misc.o(i.NVIC_Init)
    PendSV_Handler                           0x08000875   Thumb Code     2  stm32f10x_it.o(i.PendSV_Handler)
    RCC_APB1PeriphClockCmd                   0x08000879   Thumb Code    26  stm32f10x_rcc.o(i.RCC_APB1PeriphClockCmd)
    RCC_APB2PeriphClockCmd                   0x08000899   Thumb Code    26  stm32f10x_rcc.o(i.RCC_APB2PeriphClockCmd)
    RCC_GetClocksFreq                        0x080008b9   Thumb Code   192  stm32f10x_rcc.o(i.RCC_GetClocksFreq)
    SVC_Handler                              0x0800098d   Thumb Code     2  stm32f10x_it.o(i.SVC_Handler)
    SetJointAngle                            0x08000991   Thumb Code    78  servo.o(i.SetJointAngle)
    SetMotorSpeed                            0x080009f1   Thumb Code   162  motor.o(i.SetMotorSpeed)
    SysTick_CLKSourceConfig                  0x08000b91   Thumb Code    40  misc.o(i.SysTick_CLKSourceConfig)
    SysTick_Handler                          0x08000bb9   Thumb Code     2  stm32f10x_it.o(i.SysTick_Handler)
    SystemInit                               0x08000bbd   Thumb Code    78  system_stm32f10x.o(i.SystemInit)
    TIM2_IRQHandler                          0x08000c1d   Thumb Code    22  timer.o(i.TIM2_IRQHandler)
    TIM5_PWM_Init                            0x08000c35   Thumb Code   150  servo.o(i.TIM5_PWM_Init)
    TIM_ARRPreloadConfig                     0x08000cd5   Thumb Code    24  stm32f10x_tim.o(i.TIM_ARRPreloadConfig)
    TIM_ClearITPendingBit                    0x08000ced   Thumb Code     6  stm32f10x_tim.o(i.TIM_ClearITPendingBit)
    TIM_Cmd                                  0x08000cf3   Thumb Code    24  stm32f10x_tim.o(i.TIM_Cmd)
    TIM_CtrlPWMOutputs                       0x08000d0b   Thumb Code    30  stm32f10x_tim.o(i.TIM_CtrlPWMOutputs)
    TIM_GetCounter                           0x08000d29   Thumb Code     6  stm32f10x_tim.o(i.TIM_GetCounter)
    TIM_GetITStatus                          0x08000d2f   Thumb Code    34  stm32f10x_tim.o(i.TIM_GetITStatus)
    TIM_ITConfig                             0x08000d51   Thumb Code    18  stm32f10x_tim.o(i.TIM_ITConfig)
    TIM_OC1Init                              0x08000d65   Thumb Code   132  stm32f10x_tim.o(i.TIM_OC1Init)
    TIM_OC1PreloadConfig                     0x08000dfd   Thumb Code    18  stm32f10x_tim.o(i.TIM_OC1PreloadConfig)
    TIM_OC2Init                              0x08000e11   Thumb Code   154  stm32f10x_tim.o(i.TIM_OC2Init)
    TIM_OC3Init                              0x08000eb5   Thumb Code   150  stm32f10x_tim.o(i.TIM_OC3Init)
    TIM_OC3PreloadConfig                     0x08000f55   Thumb Code    18  stm32f10x_tim.o(i.TIM_OC3PreloadConfig)
    TIM_OC4Init                              0x08000f69   Thumb Code   114  stm32f10x_tim.o(i.TIM_OC4Init)
    TIM_OC4PreloadConfig                     0x08000fe5   Thumb Code    26  stm32f10x_tim.o(i.TIM_OC4PreloadConfig)
    TIM_SetCompare1                          0x08000fff   Thumb Code     4  stm32f10x_tim.o(i.TIM_SetCompare1)
    TIM_SetCompare3                          0x08001003   Thumb Code     4  stm32f10x_tim.o(i.TIM_SetCompare3)
    TIM_SetCompare4                          0x08001007   Thumb Code     6  stm32f10x_tim.o(i.TIM_SetCompare4)
    TIM_SetCounter                           0x0800100d   Thumb Code     4  stm32f10x_tim.o(i.TIM_SetCounter)
    TIM_TimeBaseInit                         0x08001011   Thumb Code   122  stm32f10x_tim.o(i.TIM_TimeBaseInit)
    Timerx_Init                              0x080010b5   Thumb Code    92  timer.o(i.Timerx_Init)
    USART1_IRQHandler                        0x08001111   Thumb Code   122  usart.o(i.USART1_IRQHandler)
    USART_Cmd                                0x08001199   Thumb Code    24  stm32f10x_usart.o(i.USART_Cmd)
    USART_GetITStatus                        0x080011b1   Thumb Code    84  stm32f10x_usart.o(i.USART_GetITStatus)
    USART_ITConfig                           0x08001205   Thumb Code    74  stm32f10x_usart.o(i.USART_ITConfig)
    USART_Init                               0x08001251   Thumb Code   210  stm32f10x_usart.o(i.USART_Init)
    USART_ReceiveData                        0x08001329   Thumb Code    10  stm32f10x_usart.o(i.USART_ReceiveData)
    UltrasonicWave_Configuration             0x08001335   Thumb Code   122  ultrasonicwave.o(i.UltrasonicWave_Configuration)
    UltrasonicWave_StartMeasure              0x080013b5   Thumb Code    46  ultrasonicwave.o(i.UltrasonicWave_StartMeasure)
    UsageFault_Handler                       0x080013f1   Thumb Code     4  stm32f10x_it.o(i.UsageFault_Handler)
    _sys_exit                                0x080013f5   Thumb Code     4  usart.o(i._sys_exit)
    delay_init                               0x080013f9   Thumb Code    50  delay.o(i.delay_init)
    delay_ms                                 0x0800143d   Thumb Code    72  delay.o(i.delay_ms)
    delay_us                                 0x08001489   Thumb Code    72  delay.o(i.delay_us)
    front_detection                          0x080014d5   Thumb Code    20  main.o(i.front_detection)
    keysacn                                  0x080014ed   Thumb Code   110  keysacn.o(i.keysacn)
    left_detection                           0x08001561   Thumb Code    22  main.o(i.left_detection)
    main                                     0x0800157d   Thumb Code   216  main.o(i.main)
    right_detection                          0x08001655   Thumb Code    22  main.o(i.right_detection)
    uart_init                                0x08001671   Thumb Code   152  usart.o(i.uart_init)
    __aeabi_d2f                              0x08001711   Thumb Code     0  d2f.o(x$fpl$d2f)
    _d2f                                     0x08001711   Thumb Code    98  d2f.o(x$fpl$d2f)
    __aeabi_dadd                             0x08001775   Thumb Code     0  daddsub_clz.o(x$fpl$dadd)
    _dadd                                    0x08001775   Thumb Code   332  daddsub_clz.o(x$fpl$dadd)
    __aeabi_ddiv                             0x080018c5   Thumb Code     0  ddiv.o(x$fpl$ddiv)
    _ddiv                                    0x080018c5   Thumb Code   552  ddiv.o(x$fpl$ddiv)
    __aeabi_d2iz                             0x08001b75   Thumb Code     0  dfix.o(x$fpl$dfix)
    _dfix                                    0x08001b75   Thumb Code    94  dfix.o(x$fpl$dfix)
    __aeabi_d2uiz                            0x08001bd5   Thumb Code     0  dfixu.o(x$fpl$dfixu)
    _dfixu                                   0x08001bd5   Thumb Code    90  dfixu.o(x$fpl$dfixu)
    __aeabi_i2d                              0x08001c2f   Thumb Code     0  dflt_clz.o(x$fpl$dflt)
    _dflt                                    0x08001c2f   Thumb Code    46  dflt_clz.o(x$fpl$dflt)
    __aeabi_dmul                             0x08001c5d   Thumb Code     0  dmul.o(x$fpl$dmul)
    _dmul                                    0x08001c5d   Thumb Code   332  dmul.o(x$fpl$dmul)
    __fpl_dnaninf                            0x08001db1   Thumb Code   156  dnaninf.o(x$fpl$dnaninf)
    __fpl_dretinf                            0x08001e4d   Thumb Code    12  dretinf.o(x$fpl$dretinf)
    __aeabi_drsub                            0x08001e59   Thumb Code     0  daddsub_clz.o(x$fpl$drsb)
    _drsb                                    0x08001e59   Thumb Code    22  daddsub_clz.o(x$fpl$drsb)
    __aeabi_dsub                             0x08001e71   Thumb Code     0  daddsub_clz.o(x$fpl$dsub)
    _dsub                                    0x08001e71   Thumb Code   464  daddsub_clz.o(x$fpl$dsub)
    __aeabi_f2d                              0x08002045   Thumb Code     0  f2d.o(x$fpl$f2d)
    _f2d                                     0x08002045   Thumb Code    86  f2d.o(x$fpl$f2d)
    __aeabi_f2iz                             0x0800209d   Thumb Code     0  ffix.o(x$fpl$ffix)
    _ffix                                    0x0800209d   Thumb Code    54  ffix.o(x$fpl$ffix)
    __aeabi_f2uiz                            0x080020d5   Thumb Code     0  ffixu.o(x$fpl$ffixu)
    _ffixu                                   0x080020d5   Thumb Code    62  ffixu.o(x$fpl$ffixu)
    __aeabi_ui2f                             0x08002115   Thumb Code     0  fflt_clz.o(x$fpl$ffltu)
    _ffltu                                   0x08002115   Thumb Code    38  fflt_clz.o(x$fpl$ffltu)
    __aeabi_fmul                             0x0800213d   Thumb Code     0  fmul.o(x$fpl$fmul)
    _fmul                                    0x0800213d   Thumb Code   258  fmul.o(x$fpl$fmul)
    __fpl_fnaninf                            0x0800223f   Thumb Code   140  fnaninf.o(x$fpl$fnaninf)
    __fpl_fretinf                            0x080022cb   Thumb Code    10  fretinf.o(x$fpl$fretinf)
    Region$$Table$$Base                      0x080022d4   Number         0  anon$$obj.o(Region$$Table)
    __I$use$fp                               0x080022d4   Number         0  usenofp.o(x$fpl$usenofp)
    Region$$Table$$Limit                     0x080022f4   Number         0  anon$$obj.o(Region$$Table)
    UltrasonicWave_Distance                  0x20000004   Data           4  ultrasonicwave.o(.data)
    __stdout                                 0x20000008   Data           4  usart.o(.data)
    USART_RX_STA                             0x2000000c   Data           2  usart.o(.data)
    SystemCoreClock                          0x20000024   Data           4  system_stm32f10x.o(.data)
    AHBPrescTable                            0x20000028   Data          16  system_stm32f10x.o(.data)
    USART_RX_BUF                             0x20000038   Data         200  usart.o(.bss)
    __libspace_start                         0x20000100   Data          96  libspace.o(.bss)
    __temporary_stack_top$libspace           0x20000160   Data           0  libspace.o(.bss)



==============================================================================

Memory Map of the image

  Image Entry point : 0x08000131

  Load Region LR_IROM1 (Base: 0x08000000, Size: 0x0000232c, Max: 0x00040000, ABSOLUTE)

    Execution Region ER_IROM1 (Exec base: 0x08000000, Load base: 0x08000000, Size: 0x000022f4, Max: 0x00040000, ABSOLUTE)

    Exec Addr    Load Addr    Size         Type   Attr      Idx    E Section Name        Object

    0x08000000   0x08000000   0x00000130   Data   RO         3738    RESET               startup_stm32f10x_hd.o
    0x08000130   0x08000130   0x00000008   Code   RO         3749  * !!!main             c_w.l(__main.o)
    0x08000138   0x08000138   0x00000034   Code   RO         3958    !!!scatter          c_w.l(__scatter.o)
    0x0800016c   0x0800016c   0x0000001a   Code   RO         3960    !!handler_copy      c_w.l(__scatter_copy.o)
    0x08000186   0x08000186   0x00000002   PAD
    0x08000188   0x08000188   0x0000001c   Code   RO         3962    !!handler_zi        c_w.l(__scatter_zi.o)
    0x080001a4   0x080001a4   0x00000002   Code   RO         3833    .ARM.Collect$$libinit$$00000000  c_w.l(libinit.o)
    0x080001a6   0x080001a6   0x00000000   Code   RO         3840    .ARM.Collect$$libinit$$00000002  c_w.l(libinit2.o)
    0x080001a6   0x080001a6   0x00000000   Code   RO         3842    .ARM.Collect$$libinit$$00000004  c_w.l(libinit2.o)
    0x080001a6   0x080001a6   0x00000000   Code   RO         3845    .ARM.Collect$$libinit$$0000000A  c_w.l(libinit2.o)
    0x080001a6   0x080001a6   0x00000000   Code   RO         3847    .ARM.Collect$$libinit$$0000000C  c_w.l(libinit2.o)
    0x080001a6   0x080001a6   0x00000000   Code   RO         3849    .ARM.Collect$$libinit$$0000000E  c_w.l(libinit2.o)
    0x080001a6   0x080001a6   0x00000000   Code   RO         3852    .ARM.Collect$$libinit$$00000011  c_w.l(libinit2.o)
    0x080001a6   0x080001a6   0x00000000   Code   RO         3854    .ARM.Collect$$libinit$$00000013  c_w.l(libinit2.o)
    0x080001a6   0x080001a6   0x00000000   Code   RO         3856    .ARM.Collect$$libinit$$00000015  c_w.l(libinit2.o)
    0x080001a6   0x080001a6   0x00000000   Code   RO         3858    .ARM.Collect$$libinit$$00000017  c_w.l(libinit2.o)
    0x080001a6   0x080001a6   0x00000000   Code   RO         3860    .ARM.Collect$$libinit$$00000019  c_w.l(libinit2.o)
    0x080001a6   0x080001a6   0x00000000   Code   RO         3862    .ARM.Collect$$libinit$$0000001B  c_w.l(libinit2.o)
    0x080001a6   0x080001a6   0x00000000   Code   RO         3864    .ARM.Collect$$libinit$$0000001D  c_w.l(libinit2.o)
    0x080001a6   0x080001a6   0x00000000   Code   RO         3866    .ARM.Collect$$libinit$$0000001F  c_w.l(libinit2.o)
    0x080001a6   0x080001a6   0x00000000   Code   RO         3868    .ARM.Collect$$libinit$$00000021  c_w.l(libinit2.o)
    0x080001a6   0x080001a6   0x00000000   Code   RO         3870    .ARM.Collect$$libinit$$00000023  c_w.l(libinit2.o)
    0x080001a6   0x080001a6   0x00000000   Code   RO         3872    .ARM.Collect$$libinit$$00000025  c_w.l(libinit2.o)
    0x080001a6   0x080001a6   0x00000000   Code   RO         3876    .ARM.Collect$$libinit$$0000002C  c_w.l(libinit2.o)
    0x080001a6   0x080001a6   0x00000000   Code   RO         3878    .ARM.Collect$$libinit$$0000002E  c_w.l(libinit2.o)
    0x080001a6   0x080001a6   0x00000000   Code   RO         3880    .ARM.Collect$$libinit$$00000030  c_w.l(libinit2.o)
    0x080001a6   0x080001a6   0x00000000   Code   RO         3882    .ARM.Collect$$libinit$$00000032  c_w.l(libinit2.o)
    0x080001a6   0x080001a6   0x00000002   Code   RO         3883    .ARM.Collect$$libinit$$00000033  c_w.l(libinit2.o)
    0x080001a8   0x080001a8   0x00000002   Code   RO         3901    .ARM.Collect$$libshutdown$$00000000  c_w.l(libshutdown.o)
    0x080001aa   0x080001aa   0x00000000   Code   RO         3912    .ARM.Collect$$libshutdown$$00000003  c_w.l(libshutdown2.o)
    0x080001aa   0x080001aa   0x00000000   Code   RO         3915    .ARM.Collect$$libshutdown$$00000006  c_w.l(libshutdown2.o)
    0x080001aa   0x080001aa   0x00000000   Code   RO         3918    .ARM.Collect$$libshutdown$$00000009  c_w.l(libshutdown2.o)
    0x080001aa   0x080001aa   0x00000000   Code   RO         3920    .ARM.Collect$$libshutdown$$0000000B  c_w.l(libshutdown2.o)
    0x080001aa   0x080001aa   0x00000000   Code   RO         3923    .ARM.Collect$$libshutdown$$0000000E  c_w.l(libshutdown2.o)
    0x080001aa   0x080001aa   0x00000002   Code   RO         3924    .ARM.Collect$$libshutdown$$0000000F  c_w.l(libshutdown2.o)
    0x080001ac   0x080001ac   0x00000000   Code   RO         3799    .ARM.Collect$$rtentry$$00000000  c_w.l(__rtentry.o)
    0x080001ac   0x080001ac   0x00000000   Code   RO         3810    .ARM.Collect$$rtentry$$00000002  c_w.l(__rtentry2.o)
    0x080001ac   0x080001ac   0x00000006   Code   RO         3822    .ARM.Collect$$rtentry$$00000004  c_w.l(__rtentry4.o)
    0x080001b2   0x080001b2   0x00000000   Code   RO         3812    .ARM.Collect$$rtentry$$00000009  c_w.l(__rtentry2.o)
    0x080001b2   0x080001b2   0x00000004   Code   RO         3813    .ARM.Collect$$rtentry$$0000000A  c_w.l(__rtentry2.o)
    0x080001b6   0x080001b6   0x00000000   Code   RO         3815    .ARM.Collect$$rtentry$$0000000C  c_w.l(__rtentry2.o)
    0x080001b6   0x080001b6   0x00000008   Code   RO         3816    .ARM.Collect$$rtentry$$0000000D  c_w.l(__rtentry2.o)
    0x080001be   0x080001be   0x00000002   Code   RO         3837    .ARM.Collect$$rtexit$$00000000  c_w.l(rtexit.o)
    0x080001c0   0x080001c0   0x00000000   Code   RO         3885    .ARM.Collect$$rtexit$$00000002  c_w.l(rtexit2.o)
    0x080001c0   0x080001c0   0x00000004   Code   RO         3886    .ARM.Collect$$rtexit$$00000003  c_w.l(rtexit2.o)
    0x080001c4   0x080001c4   0x00000006   Code   RO         3887    .ARM.Collect$$rtexit$$00000004  c_w.l(rtexit2.o)
    0x080001ca   0x080001ca   0x00000002   PAD
    0x080001cc   0x080001cc   0x00000040   Code   RO         3739    .text               startup_stm32f10x_hd.o
    0x0800020c   0x0800020c   0x00000002   Code   RO         3745    .text               c_w.l(use_no_semi_2.o)
    0x0800020e   0x0800020e   0x00000006   Code   RO         3747    .text               c_w.l(heapauxi.o)
    0x08000214   0x08000214   0x00000002   Code   RO         3797    .text               c_w.l(use_no_semi.o)
    0x08000216   0x08000216   0x0000004a   Code   RO         3824    .text               c_w.l(sys_stackheap_outer.o)
    0x08000260   0x08000260   0x0000000c   Code   RO         3826    .text               c_w.l(exit.o)
    0x0800026c   0x0800026c   0x00000008   Code   RO         3834    .text               c_w.l(libspace.o)
    0x08000274   0x08000274   0x00000004   Code   RO          269    i.BusFault_Handler  stm32f10x_it.o
    0x08000278   0x08000278   0x000000fc   Code   RO          469    i.Car_Motor_Init    motor.o
    0x08000374   0x08000374   0x00000022   Code   RO          470    i.Car_back          motor.o
    0x08000396   0x08000396   0x00000002   PAD
    0x08000398   0x08000398   0x00000034   Code   RO          471    i.Car_brake         motor.o
    0x080003cc   0x080003cc   0x00000022   Code   RO          472    i.Car_forward       motor.o
    0x080003ee   0x080003ee   0x0000001e   Code   RO          473    i.Car_left          motor.o
    0x0800040c   0x0800040c   0x0000001e   Code   RO          474    i.Car_leftSpin      motor.o
    0x0800042a   0x0800042a   0x00000022   Code   RO          475    i.Car_right         motor.o
    0x0800044c   0x0800044c   0x00000002   Code   RO          270    i.DebugMon_Handler  stm32f10x_it.o
    0x0800044e   0x0800044e   0x00000002   PAD
    0x08000450   0x08000450   0x00000080   Code   RO          631    i.EXTI1_IRQHandler  ultrasonicwave.o
    0x080004d0   0x080004d0   0x0000000c   Code   RO         1504    i.EXTI_ClearITPendingBit  stm32f10x_exti.o
    0x080004dc   0x080004dc   0x00000028   Code   RO         1508    i.EXTI_GetITStatus  stm32f10x_exti.o
    0x08000504   0x08000504   0x00000094   Code   RO         1509    i.EXTI_Init         stm32f10x_exti.o
    0x08000598   0x08000598   0x00000040   Code   RO         1854    i.GPIO_EXTILineConfig  stm32f10x_gpio.o
    0x080005d8   0x080005d8   0x00000116   Code   RO         1857    i.GPIO_Init         stm32f10x_gpio.o
    0x080006ee   0x080006ee   0x00000012   Code   RO         1861    i.GPIO_ReadInputDataBit  stm32f10x_gpio.o
    0x08000700   0x08000700   0x00000004   Code   RO         1864    i.GPIO_ResetBits    stm32f10x_gpio.o
    0x08000704   0x08000704   0x00000004   Code   RO         1865    i.GPIO_SetBits      stm32f10x_gpio.o
    0x08000708   0x08000708   0x00000004   Code   RO          271    i.HardFault_Handler  stm32f10x_it.o
    0x0800070c   0x0800070c   0x0000002c   Code   RO          416    i.IRAvoidInit       iravoid.o
    0x08000738   0x08000738   0x00000048   Code   RO          445    i.IRSearchInit      irsearch.o
    0x08000780   0x08000780   0x0000007c   Code   RO          613    i.KEY_Init          keysacn.o
    0x080007fc   0x080007fc   0x00000004   Code   RO          272    i.MemManage_Handler  stm32f10x_it.o
    0x08000800   0x08000800   0x00000002   Code   RO          273    i.NMI_Handler       stm32f10x_it.o
    0x08000802   0x08000802   0x00000002   PAD
    0x08000804   0x08000804   0x00000070   Code   RO          706    i.NVIC_Init         misc.o
    0x08000874   0x08000874   0x00000002   Code   RO          274    i.PendSV_Handler    stm32f10x_it.o
    0x08000876   0x08000876   0x00000002   PAD
    0x08000878   0x08000878   0x00000020   Code   RO         2273    i.RCC_APB1PeriphClockCmd  stm32f10x_rcc.o
    0x08000898   0x08000898   0x00000020   Code   RO         2275    i.RCC_APB2PeriphClockCmd  stm32f10x_rcc.o
    0x080008b8   0x080008b8   0x000000d4   Code   RO         2283    i.RCC_GetClocksFreq  stm32f10x_rcc.o
    0x0800098c   0x0800098c   0x00000002   Code   RO          275    i.SVC_Handler       stm32f10x_it.o
    0x0800098e   0x0800098e   0x00000002   PAD
    0x08000990   0x08000990   0x00000060   Code   RO          536    i.SetJointAngle     servo.o
    0x080009f0   0x080009f0   0x000000b8   Code   RO          477    i.SetMotorSpeed     motor.o
    0x08000aa8   0x08000aa8   0x00000008   Code   RO         3683    i.SetSysClock       system_stm32f10x.o
    0x08000ab0   0x08000ab0   0x000000e0   Code   RO         3684    i.SetSysClockTo72   system_stm32f10x.o
    0x08000b90   0x08000b90   0x00000028   Code   RO          710    i.SysTick_CLKSourceConfig  misc.o
    0x08000bb8   0x08000bb8   0x00000002   Code   RO          276    i.SysTick_Handler   stm32f10x_it.o
    0x08000bba   0x08000bba   0x00000002   PAD
    0x08000bbc   0x08000bbc   0x00000060   Code   RO         3686    i.SystemInit        system_stm32f10x.o
    0x08000c1c   0x08000c1c   0x00000016   Code   RO          557    i.TIM2_IRQHandler   timer.o
    0x08000c32   0x08000c32   0x00000002   PAD
    0x08000c34   0x08000c34   0x000000a0   Code   RO          537    i.TIM5_PWM_Init     servo.o
    0x08000cd4   0x08000cd4   0x00000018   Code   RO         2895    i.TIM_ARRPreloadConfig  stm32f10x_tim.o
    0x08000cec   0x08000cec   0x00000006   Code   RO         2902    i.TIM_ClearITPendingBit  stm32f10x_tim.o
    0x08000cf2   0x08000cf2   0x00000018   Code   RO         2907    i.TIM_Cmd           stm32f10x_tim.o
    0x08000d0a   0x08000d0a   0x0000001e   Code   RO         2909    i.TIM_CtrlPWMOutputs  stm32f10x_tim.o
    0x08000d28   0x08000d28   0x00000006   Code   RO         2926    i.TIM_GetCounter    stm32f10x_tim.o
    0x08000d2e   0x08000d2e   0x00000022   Code   RO         2928    i.TIM_GetITStatus   stm32f10x_tim.o
    0x08000d50   0x08000d50   0x00000012   Code   RO         2932    i.TIM_ITConfig      stm32f10x_tim.o
    0x08000d62   0x08000d62   0x00000002   PAD
    0x08000d64   0x08000d64   0x00000098   Code   RO         2936    i.TIM_OC1Init       stm32f10x_tim.o
    0x08000dfc   0x08000dfc   0x00000012   Code   RO         2939    i.TIM_OC1PreloadConfig  stm32f10x_tim.o
    0x08000e0e   0x08000e0e   0x00000002   PAD
    0x08000e10   0x08000e10   0x000000a4   Code   RO         2941    i.TIM_OC2Init       stm32f10x_tim.o
    0x08000eb4   0x08000eb4   0x000000a0   Code   RO         2946    i.TIM_OC3Init       stm32f10x_tim.o
    0x08000f54   0x08000f54   0x00000012   Code   RO         2949    i.TIM_OC3PreloadConfig  stm32f10x_tim.o
    0x08000f66   0x08000f66   0x00000002   PAD
    0x08000f68   0x08000f68   0x0000007c   Code   RO         2951    i.TIM_OC4Init       stm32f10x_tim.o
    0x08000fe4   0x08000fe4   0x0000001a   Code   RO         2953    i.TIM_OC4PreloadConfig  stm32f10x_tim.o
    0x08000ffe   0x08000ffe   0x00000004   Code   RO         2968    i.TIM_SetCompare1   stm32f10x_tim.o
    0x08001002   0x08001002   0x00000004   Code   RO         2970    i.TIM_SetCompare3   stm32f10x_tim.o
    0x08001006   0x08001006   0x00000006   Code   RO         2971    i.TIM_SetCompare4   stm32f10x_tim.o
    0x0800100c   0x0800100c   0x00000004   Code   RO         2972    i.TIM_SetCounter    stm32f10x_tim.o
    0x08001010   0x08001010   0x000000a4   Code   RO         2978    i.TIM_TimeBaseInit  stm32f10x_tim.o
    0x080010b4   0x080010b4   0x0000005c   Code   RO          558    i.Timerx_Init       timer.o
    0x08001110   0x08001110   0x00000088   Code   RO          665    i.USART1_IRQHandler  usart.o
    0x08001198   0x08001198   0x00000018   Code   RO         3443    i.USART_Cmd         stm32f10x_usart.o
    0x080011b0   0x080011b0   0x00000054   Code   RO         3447    i.USART_GetITStatus  stm32f10x_usart.o
    0x08001204   0x08001204   0x0000004a   Code   RO         3449    i.USART_ITConfig    stm32f10x_usart.o
    0x0800124e   0x0800124e   0x00000002   PAD
    0x08001250   0x08001250   0x000000d8   Code   RO         3450    i.USART_Init        stm32f10x_usart.o
    0x08001328   0x08001328   0x0000000a   Code   RO         3457    i.USART_ReceiveData  stm32f10x_usart.o
    0x08001332   0x08001332   0x00000002   PAD
    0x08001334   0x08001334   0x00000080   Code   RO          632    i.UltrasonicWave_Configuration  ultrasonicwave.o
    0x080013b4   0x080013b4   0x0000003c   Code   RO          633    i.UltrasonicWave_StartMeasure  ultrasonicwave.o
    0x080013f0   0x080013f0   0x00000004   Code   RO          277    i.UsageFault_Handler  stm32f10x_it.o
    0x080013f4   0x080013f4   0x00000004   Code   RO          666    i._sys_exit         usart.o
    0x080013f8   0x080013f8   0x00000044   Code   RO            1    i.delay_init        delay.o
    0x0800143c   0x0800143c   0x0000004c   Code   RO            2    i.delay_ms          delay.o
    0x08001488   0x08001488   0x0000004c   Code   RO            3    i.delay_us          delay.o
    0x080014d4   0x080014d4   0x00000018   Code   RO          121    i.front_detection   main.o
    0x080014ec   0x080014ec   0x00000074   Code   RO          614    i.keysacn           keysacn.o
    0x08001560   0x08001560   0x0000001c   Code   RO          122    i.left_detection    main.o
    0x0800157c   0x0800157c   0x000000d8   Code   RO          123    i.main              main.o
    0x08001654   0x08001654   0x0000001c   Code   RO          124    i.right_detection   main.o
    0x08001670   0x08001670   0x000000a0   Code   RO          668    i.uart_init         usart.o
    0x08001710   0x08001710   0x00000062   Code   RO         3751    x$fpl$d2f           fz_ws.l(d2f.o)
    0x08001772   0x08001772   0x00000002   PAD
    0x08001774   0x08001774   0x00000150   Code   RO         3753    x$fpl$dadd          fz_ws.l(daddsub_clz.o)
    0x080018c4   0x080018c4   0x000002b0   Code   RO         3760    x$fpl$ddiv          fz_ws.l(ddiv.o)
    0x08001b74   0x08001b74   0x0000005e   Code   RO         3763    x$fpl$dfix          fz_ws.l(dfix.o)
    0x08001bd2   0x08001bd2   0x00000002   PAD
    0x08001bd4   0x08001bd4   0x0000005a   Code   RO         3767    x$fpl$dfixu         fz_ws.l(dfixu.o)
    0x08001c2e   0x08001c2e   0x0000002e   Code   RO         3772    x$fpl$dflt          fz_ws.l(dflt_clz.o)
    0x08001c5c   0x08001c5c   0x00000154   Code   RO         3777    x$fpl$dmul          fz_ws.l(dmul.o)
    0x08001db0   0x08001db0   0x0000009c   Code   RO         3800    x$fpl$dnaninf       fz_ws.l(dnaninf.o)
    0x08001e4c   0x08001e4c   0x0000000c   Code   RO         3802    x$fpl$dretinf       fz_ws.l(dretinf.o)
    0x08001e58   0x08001e58   0x00000016   Code   RO         3754    x$fpl$drsb          fz_ws.l(daddsub_clz.o)
    0x08001e6e   0x08001e6e   0x00000002   PAD
    0x08001e70   0x08001e70   0x000001d4   Code   RO         3755    x$fpl$dsub          fz_ws.l(daddsub_clz.o)
    0x08002044   0x08002044   0x00000056   Code   RO         3779    x$fpl$f2d           fz_ws.l(f2d.o)
    0x0800209a   0x0800209a   0x00000002   PAD
    0x0800209c   0x0800209c   0x00000036   Code   RO         3781    x$fpl$ffix          fz_ws.l(ffix.o)
    0x080020d2   0x080020d2   0x00000002   PAD
    0x080020d4   0x080020d4   0x0000003e   Code   RO         3785    x$fpl$ffixu         fz_ws.l(ffixu.o)
    0x08002112   0x08002112   0x00000002   PAD
    0x08002114   0x08002114   0x00000026   Code   RO         3789    x$fpl$ffltu         fz_ws.l(fflt_clz.o)
    0x0800213a   0x0800213a   0x00000002   PAD
    0x0800213c   0x0800213c   0x00000102   Code   RO         3795    x$fpl$fmul          fz_ws.l(fmul.o)
    0x0800223e   0x0800223e   0x0000008c   Code   RO         3804    x$fpl$fnaninf       fz_ws.l(fnaninf.o)
    0x080022ca   0x080022ca   0x0000000a   Code   RO         3806    x$fpl$fretinf       fz_ws.l(fretinf.o)
    0x080022d4   0x080022d4   0x00000000   Code   RO         3808    x$fpl$usenofp       fz_ws.l(usenofp.o)
    0x080022d4   0x080022d4   0x00000020   Data   RO         3956    Region$$Table       anon$$obj.o


    Execution Region RW_IRAM1 (Exec base: 0x20000000, Load base: 0x080022f4, Size: 0x00000760, Max: 0x0000c000, ABSOLUTE)

    Exec Addr    Load Addr    Size         Type   Attr      Idx    E Section Name        Object

    0x20000000   0x080022f4   0x00000004   Data   RW            4    .data               delay.o
    0x20000004   0x080022f8   0x00000004   Data   RW          634    .data               ultrasonicwave.o
    0x20000008   0x080022fc   0x00000006   Data   RW          670    .data               usart.o
    0x2000000e   0x08002302   0x00000014   Data   RW         2303    .data               stm32f10x_rcc.o
    0x20000022   0x08002316   0x00000002   PAD
    0x20000024   0x08002318   0x00000014   Data   RW         3687    .data               system_stm32f10x.o
    0x20000038        -       0x000000c8   Zero   RW          669    .bss                usart.o
    0x20000100        -       0x00000060   Zero   RW         3835    .bss                c_w.l(libspace.o)
    0x20000160        -       0x00000200   Zero   RW         3737    HEAP                startup_stm32f10x_hd.o
    0x20000360        -       0x00000400   Zero   RW         3736    STACK               startup_stm32f10x_hd.o


==============================================================================

Image component sizes


      Code (inc. data)   RO Data    RW Data    ZI Data      Debug   Object Name

       220         26          0          4          0     237771   delay.o
        44          6          0          0          0        462   iravoid.o
        72          8          0          0          0        483   irsearch.o
       240         20          0          0          0        993   keysacn.o
       296         16          0          0          0     243476   main.o
       152         12          0          0          0       1414   misc.o
       650         42          0          0          0       4520   motor.o
       256         28          0          0          0       1180   servo.o
        64         26        304          0       1536        804   startup_stm32f10x_hd.o
       200         18          0          0          0       1932   stm32f10x_exti.o
       368          4          0          0          0       4018   stm32f10x_gpio.o
        26          0          0          0          0     253978   stm32f10x_it.o
       276         32          0         20          0       4250   stm32f10x_rcc.o
       986         92          0          0          0      11143   stm32f10x_tim.o
       408          6          0          0          0       4706   stm32f10x_usart.o
         0          0          0          0          0         32   sys.o
       328         28          0         20          0       2085   system_stm32f10x.o
       114          0          0          0          0       1020   timer.o
       316         34          0          4          0       1878   ultrasonicwave.o
       300         22          0          6        200       3408   usart.o

    ----------------------------------------------------------------------
      5340        420        336         56       1736     779553   Object Totals
         0          0         32          0          0          0   (incl. Generated)
        24          0          0          2          0          0   (incl. Padding)

    ----------------------------------------------------------------------

      Code (inc. data)   RO Data    RW Data    ZI Data      Debug   Library Member Name

         8          0          0          0          0         68   __main.o
         0          0          0          0          0          0   __rtentry.o
        12          0          0          0          0          0   __rtentry2.o
         6          0          0          0          0          0   __rtentry4.o
        52          8          0          0          0          0   __scatter.o
        26          0          0          0          0          0   __scatter_copy.o
        28          0          0          0          0          0   __scatter_zi.o
        12          0          0          0          0         72   exit.o
         6          0          0          0          0        152   heapauxi.o
         2          0          0          0          0          0   libinit.o
         2          0          0          0          0          0   libinit2.o
         2          0          0          0          0          0   libshutdown.o
         2          0          0          0          0          0   libshutdown2.o
         8          4          0          0         96         68   libspace.o
         2          0          0          0          0          0   rtexit.o
        10          0          0          0          0          0   rtexit2.o
        74          0          0          0          0         80   sys_stackheap_outer.o
         2          0          0          0          0         68   use_no_semi.o
         2          0          0          0          0         68   use_no_semi_2.o
        98          4          0          0          0         92   d2f.o
       826         16          0          0          0        348   daddsub_clz.o
       688        140          0          0          0        208   ddiv.o
        94          4          0          0          0         92   dfix.o
        90          4          0          0          0         92   dfixu.o
        46          0          0          0          0         68   dflt_clz.o
       340         12          0          0          0        104   dmul.o
       156          4          0          0          0         92   dnaninf.o
        12          0          0          0          0         68   dretinf.o
        86          4          0          0          0         84   f2d.o
        54          4          0          0          0         84   ffix.o
        62          4          0          0          0         84   ffixu.o
        38          0          0          0          0         68   fflt_clz.o
       258          4          0          0          0         84   fmul.o
       140          4          0          0          0         84   fnaninf.o
        10          0          0          0          0         68   fretinf.o
         0          0          0          0          0          0   usenofp.o

    ----------------------------------------------------------------------
      3272        216          0          0         96       2296   Library Totals
        18          0          0          0          0          0   (incl. Padding)

    ----------------------------------------------------------------------

      Code (inc. data)   RO Data    RW Data    ZI Data      Debug   Library Name

       256         12          0          0         96        576   c_w.l
      2998        204          0          0          0       1720   fz_ws.l

    ----------------------------------------------------------------------
      3272        216          0          0         96       2296   Library Totals

    ----------------------------------------------------------------------

==============================================================================


      Code (inc. data)   RO Data    RW Data    ZI Data      Debug   

      8612        636        336         56       1832     776957   Grand Totals
      8612        636        336         56       1832     776957   ELF Image Totals
      8612        636        336         56          0          0   ROM Totals

==============================================================================

    Total RO  Size (Code + RO Data)                 8948 (   8.74kB)
    Total RW  Size (RW Data + ZI Data)              1888 (   1.84kB)
    Total ROM Size (Code + RO Data + RW Data)       9004 (   8.79kB)

==============================================================================

